Archive member included because of file (symbol)

c:/meineprogramme/hwcodesign/avrstudio51/extensions/atmel/avrgcc/3.3.1.27/avrtoolchain/bin/../lib/gcc/avr/4.5.1/../../../../avr/lib/avr25\libm.a(cmpsf2.o)
                              controller.o (__ltsf2)
c:/meineprogramme/hwcodesign/avrstudio51/extensions/atmel/avrgcc/3.3.1.27/avrtoolchain/bin/../lib/gcc/avr/4.5.1/../../../../avr/lib/avr25\libm.a(fixunssfsi.o)
                              controller.o (__fixunssfsi)
c:/meineprogramme/hwcodesign/avrstudio51/extensions/atmel/avrgcc/3.3.1.27/avrtoolchain/bin/../lib/gcc/avr/4.5.1/../../../../avr/lib/avr25\libm.a(fp_cmp.o)
                              c:/meineprogramme/hwcodesign/avrstudio51/extensions/atmel/avrgcc/3.3.1.27/avrtoolchain/bin/../lib/gcc/avr/4.5.1/../../../../avr/lib/avr25\libm.a(cmpsf2.o) (__fp_cmp)
c:/meineprogramme/hwcodesign/avrstudio51/extensions/atmel/avrgcc/3.3.1.27/avrtoolchain/bin/../lib/gcc/avr/4.5.1/../../../../avr/lib/avr25\libm.a(fp_split3.o)
                              c:/meineprogramme/hwcodesign/avrstudio51/extensions/atmel/avrgcc/3.3.1.27/avrtoolchain/bin/../lib/gcc/avr/4.5.1/../../../../avr/lib/avr25\libm.a(fixunssfsi.o) (__fp_splitA)
c:/meineprogramme/hwcodesign/avrstudio51/extensions/atmel/avrgcc/3.3.1.27/avrtoolchain/bin/../lib/gcc/avr/4.5.1/../../../../avr/lib/avr25\libm.a(fp_zero.o)
                              c:/meineprogramme/hwcodesign/avrstudio51/extensions/atmel/avrgcc/3.3.1.27/avrtoolchain/bin/../lib/gcc/avr/4.5.1/../../../../avr/lib/avr25\libm.a(fixunssfsi.o) (__fp_zero)
c:/meineprogramme/hwcodesign/avrstudio51/extensions/atmel/avrgcc/3.3.1.27/avrtoolchain/bin/../lib/gcc/avr/4.5.1/../../../../avr/lib/avr25\libm.a(gesf2.o)
                              controller.o (__gtsf2)
c:/meineprogramme/hwcodesign/avrstudio51/extensions/atmel/avrgcc/3.3.1.27/avrtoolchain/bin/../lib/gcc/avr/4.5.1/../../../../avr/lib/avr25\libm.a(mulsf3.o)
                              controller.o (__mulsf3)
c:/meineprogramme/hwcodesign/avrstudio51/extensions/atmel/avrgcc/3.3.1.27/avrtoolchain/bin/../lib/gcc/avr/4.5.1/../../../../avr/lib/avr25\libm.a(mulsf3x.o)
                              c:/meineprogramme/hwcodesign/avrstudio51/extensions/atmel/avrgcc/3.3.1.27/avrtoolchain/bin/../lib/gcc/avr/4.5.1/../../../../avr/lib/avr25\libm.a(mulsf3.o) (__mulsf3x)
c:/meineprogramme/hwcodesign/avrstudio51/extensions/atmel/avrgcc/3.3.1.27/avrtoolchain/bin/../lib/gcc/avr/4.5.1/../../../../avr/lib/avr25\libm.a(fp_inf.o)
                              c:/meineprogramme/hwcodesign/avrstudio51/extensions/atmel/avrgcc/3.3.1.27/avrtoolchain/bin/../lib/gcc/avr/4.5.1/../../../../avr/lib/avr25\libm.a(mulsf3x.o) (__fp_inf)
c:/meineprogramme/hwcodesign/avrstudio51/extensions/atmel/avrgcc/3.3.1.27/avrtoolchain/bin/../lib/gcc/avr/4.5.1/../../../../avr/lib/avr25\libm.a(fp_nan.o)
                              c:/meineprogramme/hwcodesign/avrstudio51/extensions/atmel/avrgcc/3.3.1.27/avrtoolchain/bin/../lib/gcc/avr/4.5.1/../../../../avr/lib/avr25\libm.a(mulsf3x.o) (__fp_nan)
c:/meineprogramme/hwcodesign/avrstudio51/extensions/atmel/avrgcc/3.3.1.27/avrtoolchain/bin/../lib/gcc/avr/4.5.1/../../../../avr/lib/avr25\libm.a(fp_pscA.o)
                              c:/meineprogramme/hwcodesign/avrstudio51/extensions/atmel/avrgcc/3.3.1.27/avrtoolchain/bin/../lib/gcc/avr/4.5.1/../../../../avr/lib/avr25\libm.a(mulsf3x.o) (__fp_pscA)
c:/meineprogramme/hwcodesign/avrstudio51/extensions/atmel/avrgcc/3.3.1.27/avrtoolchain/bin/../lib/gcc/avr/4.5.1/../../../../avr/lib/avr25\libm.a(fp_pscB.o)
                              c:/meineprogramme/hwcodesign/avrstudio51/extensions/atmel/avrgcc/3.3.1.27/avrtoolchain/bin/../lib/gcc/avr/4.5.1/../../../../avr/lib/avr25\libm.a(mulsf3x.o) (__fp_pscB)
c:/meineprogramme/hwcodesign/avrstudio51/extensions/atmel/avrgcc/3.3.1.27/avrtoolchain/bin/../lib/gcc/avr/4.5.1/../../../../avr/lib/avr25\libm.a(fp_round.o)
                              c:/meineprogramme/hwcodesign/avrstudio51/extensions/atmel/avrgcc/3.3.1.27/avrtoolchain/bin/../lib/gcc/avr/4.5.1/../../../../avr/lib/avr25\libm.a(mulsf3.o) (__fp_round)
c:/meineprogramme/hwcodesign/avrstudio51/extensions/atmel/avrgcc/3.3.1.27/avrtoolchain/bin/../lib/gcc/avr/4.5.1/avr25\libgcc.a(_mulhi3.o)
                              calib.o (__mulhi3)
c:/meineprogramme/hwcodesign/avrstudio51/extensions/atmel/avrgcc/3.3.1.27/avrtoolchain/bin/../lib/gcc/avr/4.5.1/avr25\libgcc.a(_udivmodhi4.o)
                              pwm.o (__udivmodhi4)
c:/meineprogramme/hwcodesign/avrstudio51/extensions/atmel/avrgcc/3.3.1.27/avrtoolchain/bin/../lib/gcc/avr/4.5.1/avr25\libgcc.a(_exit.o)
                              c:/meineprogramme/hwcodesign/avrstudio51/extensions/atmel/avrgcc/3.3.1.27/avrtoolchain/bin/../lib/gcc/avr/4.5.1/../../../../avr/lib/avr25/crttn84.o (exit)
c:/meineprogramme/hwcodesign/avrstudio51/extensions/atmel/avrgcc/3.3.1.27/avrtoolchain/bin/../lib/gcc/avr/4.5.1/avr25\libgcc.a(_copy_data.o)
                              adc.o (__do_copy_data)
c:/meineprogramme/hwcodesign/avrstudio51/extensions/atmel/avrgcc/3.3.1.27/avrtoolchain/bin/../lib/gcc/avr/4.5.1/avr25\libgcc.a(_clear_bss.o)
                              accu.o (__do_clear_bss)
c:/meineprogramme/hwcodesign/avrstudio51/extensions/atmel/avrgcc/3.3.1.27/avrtoolchain/bin/../lib/gcc/avr/4.5.1/../../../../avr/lib/avr25\libc.a(eerd_block_attiny84.o)
                              accu.o (__eerd_block_tn84)
c:/meineprogramme/hwcodesign/avrstudio51/extensions/atmel/avrgcc/3.3.1.27/avrtoolchain/bin/../lib/gcc/avr/4.5.1/../../../../avr/lib/avr25\libc.a(eerd_byte_attiny84.o)
                              calib.o (__eerd_byte_tn84)
c:/meineprogramme/hwcodesign/avrstudio51/extensions/atmel/avrgcc/3.3.1.27/avrtoolchain/bin/../lib/gcc/avr/4.5.1/../../../../avr/lib/avr25\libc.a(eerd_word_attiny84.o)
                              calib.o (__eerd_word_tn84)
c:/meineprogramme/hwcodesign/avrstudio51/extensions/atmel/avrgcc/3.3.1.27/avrtoolchain/bin/../lib/gcc/avr/4.5.1/../../../../avr/lib/avr25\libc.a(eewr_block_attiny84.o)
                              accu.o (__eewr_block_tn84)
c:/meineprogramme/hwcodesign/avrstudio51/extensions/atmel/avrgcc/3.3.1.27/avrtoolchain/bin/../lib/gcc/avr/4.5.1/../../../../avr/lib/avr25\libc.a(eewr_byte_attiny84.o)
                              calib.o (__eewr_byte_tn84)
c:/meineprogramme/hwcodesign/avrstudio51/extensions/atmel/avrgcc/3.3.1.27/avrtoolchain/bin/../lib/gcc/avr/4.5.1/../../../../avr/lib/avr25\libc.a(eewr_word_attiny84.o)
                              calib.o (__eewr_word_tn84)

Allocating common symbols
Common symbol       size              file

accuVoltageLevels   0x10              accu.o
pwmOutput           0x4               adc.o
time                0x8               button_sv3.o
currentADCValue     0x2               accu.o

Memory Configuration

Name             Origin             Length             Attributes
text             0x00000000         0x00002000         xr
data             0x00800060         0x0000ffa0         rw !x
eeprom           0x00810000         0x00010000         rw !x
fuse             0x00820000         0x00000400         rw !x
lock             0x00830000         0x00000400         rw !x
signature        0x00840000         0x00000400         rw !x
*default*        0x00000000         0xffffffff

Linker script and memory map

LOAD c:/meineprogramme/hwcodesign/avrstudio51/extensions/atmel/avrgcc/3.3.1.27/avrtoolchain/bin/../lib/gcc/avr/4.5.1/../../../../avr/lib/avr25/crttn84.o
LOAD accu.o
LOAD adc.o
LOAD button_sv3.o
LOAD calib.o
LOAD controller.o
LOAD controller_debug.o
LOAD eeprom.o
LOAD pwm.o
LOAD pwm_table.o
LOAD rgbled.o
LOAD states_sv3.o
LOAD tbl_transitions.o
LOAD timer.o
LOAD uart.o
LOAD c:/meineprogramme/hwcodesign/avrstudio51/extensions/atmel/avrgcc/3.3.1.27/avrtoolchain/bin/../lib/gcc/avr/4.5.1/../../../../avr/lib/avr25\libm.a
LOAD c:/meineprogramme/hwcodesign/avrstudio51/extensions/atmel/avrgcc/3.3.1.27/avrtoolchain/bin/../lib/gcc/avr/4.5.1/avr25\libgcc.a
LOAD c:/meineprogramme/hwcodesign/avrstudio51/extensions/atmel/avrgcc/3.3.1.27/avrtoolchain/bin/../lib/gcc/avr/4.5.1/../../../../avr/lib/avr25\libc.a
LOAD c:/meineprogramme/hwcodesign/avrstudio51/extensions/atmel/avrgcc/3.3.1.27/avrtoolchain/bin/../lib/gcc/avr/4.5.1/avr25\libgcc.a

.hash
 *(.hash)

.dynsym
 *(.dynsym)

.dynstr
 *(.dynstr)

.gnu.version
 *(.gnu.version)

.gnu.version_d
 *(.gnu.version_d)

.gnu.version_r
 *(.gnu.version_r)

.rel.init
 *(.rel.init)

.rela.init
 *(.rela.init)

.rel.text
 *(.rel.text)
 *(.rel.text.*)
 *(.rel.gnu.linkonce.t*)

.rela.text
 *(.rela.text)
 *(.rela.text.*)
 *(.rela.gnu.linkonce.t*)

.rel.fini
 *(.rel.fini)

.rela.fini
 *(.rela.fini)

.rel.rodata
 *(.rel.rodata)
 *(.rel.rodata.*)
 *(.rel.gnu.linkonce.r*)

.rela.rodata
 *(.rela.rodata)
 *(.rela.rodata.*)
 *(.rela.gnu.linkonce.r*)

.rel.data
 *(.rel.data)
 *(.rel.data.*)
 *(.rel.gnu.linkonce.d*)

.rela.data
 *(.rela.data)
 *(.rela.data.*)
 *(.rela.gnu.linkonce.d*)

.rel.ctors
 *(.rel.ctors)

.rela.ctors
 *(.rela.ctors)

.rel.dtors
 *(.rel.dtors)

.rela.dtors
 *(.rela.dtors)

.rel.got
 *(.rel.got)

.rela.got
 *(.rela.got)

.rel.bss
 *(.rel.bss)

.rela.bss
 *(.rela.bss)

.rel.plt
 *(.rel.plt)

.rela.plt
 *(.rela.plt)

.text           0x00000000     0x1cd4
 *(.vectors)
 .vectors       0x00000000       0x22 c:/meineprogramme/hwcodesign/avrstudio51/extensions/atmel/avrgcc/3.3.1.27/avrtoolchain/bin/../lib/gcc/avr/4.5.1/../../../../avr/lib/avr25/crttn84.o
                0x00000000                __vector_default
                0x00000000                __vectors
 *(.vectors)
 *(.progmem.gcc*)
 *(.progmem*)
                0x00000022                . = ALIGN (0x2)
                0x00000022                __trampolines_start = .
 *(.trampolines)
 .trampolines   0x00000022        0x0 linker stubs
 *(.trampolines*)
                0x00000022                __trampolines_end = .
 *(.jumptables)
 *(.jumptables*)
 *(.lowtext)
 *(.lowtext*)
                0x00000022                __ctors_start = .
 *(.ctors)
                0x00000022                __ctors_end = .
                0x00000022                __dtors_start = .
 *(.dtors)
                0x00000022                __dtors_end = .
 SORT(*)(.ctors)
 SORT(*)(.dtors)
 *(.init0)
 .init0         0x00000022        0x0 c:/meineprogramme/hwcodesign/avrstudio51/extensions/atmel/avrgcc/3.3.1.27/avrtoolchain/bin/../lib/gcc/avr/4.5.1/../../../../avr/lib/avr25/crttn84.o
                0x00000022                __init
 *(.init0)
 *(.init1)
 *(.init1)
 *(.init2)
 .init2         0x00000022        0xc c:/meineprogramme/hwcodesign/avrstudio51/extensions/atmel/avrgcc/3.3.1.27/avrtoolchain/bin/../lib/gcc/avr/4.5.1/../../../../avr/lib/avr25/crttn84.o
 *(.init2)
 *(.init3)
 *(.init3)
 *(.init4)
 .init4         0x0000002e       0x16 c:/meineprogramme/hwcodesign/avrstudio51/extensions/atmel/avrgcc/3.3.1.27/avrtoolchain/bin/../lib/gcc/avr/4.5.1/avr25\libgcc.a(_copy_data.o)
                0x0000002e                __do_copy_data
 .init4         0x00000044       0x10 c:/meineprogramme/hwcodesign/avrstudio51/extensions/atmel/avrgcc/3.3.1.27/avrtoolchain/bin/../lib/gcc/avr/4.5.1/avr25\libgcc.a(_clear_bss.o)
                0x00000044                __do_clear_bss
 *(.init4)
 *(.init5)
 *(.init5)
 *(.init6)
 *(.init6)
 *(.init7)
 *(.init7)
 *(.init8)
 *(.init8)
 *(.init9)
 .init9         0x00000054        0x4 c:/meineprogramme/hwcodesign/avrstudio51/extensions/atmel/avrgcc/3.3.1.27/avrtoolchain/bin/../lib/gcc/avr/4.5.1/../../../../avr/lib/avr25/crttn84.o
 *(.init9)
 *(.text)
 .text          0x00000058        0x2 c:/meineprogramme/hwcodesign/avrstudio51/extensions/atmel/avrgcc/3.3.1.27/avrtoolchain/bin/../lib/gcc/avr/4.5.1/../../../../avr/lib/avr25/crttn84.o
                0x00000058                __vector_1
                0x00000058                __vector_12
                0x00000058                __bad_interrupt
                0x00000058                __vector_6
                0x00000058                __vector_3
                0x00000058                __vector_13
                0x00000058                __vector_7
                0x00000058                __vector_5
                0x00000058                __vector_4
                0x00000058                __vector_9
                0x00000058                __vector_15
                0x00000058                __vector_8
                0x00000058                __vector_14
                0x00000058                __vector_10
                0x00000058                __vector_16
 .text          0x0000005a      0x148 accu.o
                0x0000005a                accuInitialize
                0x0000006c                accuLoadVoltageLevelsFromEEPROM
                0x0000008a                accuStoreVoltageLevelsToEEPROM
                0x000000a8                accuGetVoltageLevelIndex
                0x00000100                accuRefreshDisplay
                0x00000134                accuSetDefaultVoltageLevels
 .text          0x000001a2      0x198 adc.o
                0x000001a2                adcInitialize
                0x00000224                adcTakeSingleMeasurement
                0x00000258                adcReadValue
 .text          0x0000033a      0x19c button_sv3.o
                0x0000033a                btnInitialize
                0x0000037a                btnRefreshState
 .text          0x000004d6      0x172 calib.o
                0x000004d6                calibResetFlag
                0x000004ec                calibInitialize
                0x0000050e                calibStart
                0x00000552                calibAddAdcValue
                0x000005d2                calibFinalize
 .text          0x00000648      0x236 controller.o
                0x00000648                doSleep
                0x000006be                __vector_2
                0x00000708                initialize
                0x00000726                main
 .text          0x0000087e        0x0 controller_debug.o
 .text          0x0000087e       0x72 eeprom.o
                0x0000087e                eepromIsProgrammed
                0x0000089c                eepromLoadData
                0x000008ae                eepromStoreData
                0x000008c0                eepromSetActiveFlag
                0x000008dc                eepromGetActiveFlag
 .text          0x000008f0      0x2dc pwm.o
                0x000008f0                pwmInitialize
                0x0000092c                pwmEnable
                0x000009a4                pwmDisable
                0x000009ca                pwmRefreshSingleOutput
                0x00000a18                pwmRefreshOutputs
                0x00000b48                pwmGetRegulateOutputValue
 .text          0x00000bcc      0x1f6 pwm_table.o
                0x00000bcc                pwmTableLoadFromEEPROM
                0x00000bea                pwmTableStoreToEEPROM
                0x00000c08                pwmLoadDefaults
                0x00000c6a                pwmTableSaveCurrentValuesForPWM1
                0x00000cc8                pwmTableSaveCurrentValuesForPWM2
                0x00000d24                pwmTableSetOutPut
 .text          0x00000dc2      0x3ee rgbled.o
                0x00000dc2                rgbInitialize
                0x00000e22                rgbRefreshOutputs
                0x00000ff8                leds_off
                0x0000100c                led1_red
                0x0000101e                led2_red
                0x00001030                led1_lightred
                0x00001046                led2_lightred
                0x0000105c                led1_green
                0x00001070                led2_green
                0x00001084                led1_lightgreen
                0x0000109a                led2_lightgreen
                0x000010b0                led1_blue
                0x000010c4                led2_blue
                0x000010d8                led1_lightblue
                0x000010ee                led2_lightblue
                0x00001104                led1_yellow
                0x00001118                led2_yellow
                0x0000112c                led1_lightyellow
                0x00001142                led2_lightyellow
                0x00001158                led1_rose
                0x0000116e                led2_rose
                0x00001184                led1_white
                0x0000119a                led2_white
 .text          0x000011b0      0x656 states_sv3.o
                0x000011b0                stateInitialize
                0x000011c6                stateNextState
 .text          0x00001806       0xae tbl_transitions.o
                0x00001806                transTableGetNextDimLevel
 .text          0x000018b4      0x13a timer.o
                0x000018b4                timerInitialize
                0x00001916                __vector_11
 .text          0x000019ee        0x0 uart.o
 .text          0x000019ee        0x0 c:/meineprogramme/hwcodesign/avrstudio51/extensions/atmel/avrgcc/3.3.1.27/avrtoolchain/bin/../lib/gcc/avr/4.5.1/../../../../avr/lib/avr25\libm.a(cmpsf2.o)
 .text          0x000019ee        0x0 c:/meineprogramme/hwcodesign/avrstudio51/extensions/atmel/avrgcc/3.3.1.27/avrtoolchain/bin/../lib/gcc/avr/4.5.1/../../../../avr/lib/avr25\libm.a(fixunssfsi.o)
 .text          0x000019ee        0x0 c:/meineprogramme/hwcodesign/avrstudio51/extensions/atmel/avrgcc/3.3.1.27/avrtoolchain/bin/../lib/gcc/avr/4.5.1/../../../../avr/lib/avr25\libm.a(fp_cmp.o)
 .text          0x000019ee        0x0 c:/meineprogramme/hwcodesign/avrstudio51/extensions/atmel/avrgcc/3.3.1.27/avrtoolchain/bin/../lib/gcc/avr/4.5.1/../../../../avr/lib/avr25\libm.a(fp_split3.o)
 .text          0x000019ee        0x0 c:/meineprogramme/hwcodesign/avrstudio51/extensions/atmel/avrgcc/3.3.1.27/avrtoolchain/bin/../lib/gcc/avr/4.5.1/../../../../avr/lib/avr25\libm.a(fp_zero.o)
 .text          0x000019ee        0x0 c:/meineprogramme/hwcodesign/avrstudio51/extensions/atmel/avrgcc/3.3.1.27/avrtoolchain/bin/../lib/gcc/avr/4.5.1/../../../../avr/lib/avr25\libm.a(gesf2.o)
 .text          0x000019ee        0x0 c:/meineprogramme/hwcodesign/avrstudio51/extensions/atmel/avrgcc/3.3.1.27/avrtoolchain/bin/../lib/gcc/avr/4.5.1/../../../../avr/lib/avr25\libm.a(mulsf3.o)
 .text          0x000019ee        0x0 c:/meineprogramme/hwcodesign/avrstudio51/extensions/atmel/avrgcc/3.3.1.27/avrtoolchain/bin/../lib/gcc/avr/4.5.1/../../../../avr/lib/avr25\libm.a(mulsf3x.o)
 .text          0x000019ee        0x0 c:/meineprogramme/hwcodesign/avrstudio51/extensions/atmel/avrgcc/3.3.1.27/avrtoolchain/bin/../lib/gcc/avr/4.5.1/../../../../avr/lib/avr25\libm.a(fp_inf.o)
 .text          0x000019ee        0x0 c:/meineprogramme/hwcodesign/avrstudio51/extensions/atmel/avrgcc/3.3.1.27/avrtoolchain/bin/../lib/gcc/avr/4.5.1/../../../../avr/lib/avr25\libm.a(fp_nan.o)
 .text          0x000019ee        0x0 c:/meineprogramme/hwcodesign/avrstudio51/extensions/atmel/avrgcc/3.3.1.27/avrtoolchain/bin/../lib/gcc/avr/4.5.1/../../../../avr/lib/avr25\libm.a(fp_pscA.o)
 .text          0x000019ee        0x0 c:/meineprogramme/hwcodesign/avrstudio51/extensions/atmel/avrgcc/3.3.1.27/avrtoolchain/bin/../lib/gcc/avr/4.5.1/../../../../avr/lib/avr25\libm.a(fp_pscB.o)
 .text          0x000019ee        0x0 c:/meineprogramme/hwcodesign/avrstudio51/extensions/atmel/avrgcc/3.3.1.27/avrtoolchain/bin/../lib/gcc/avr/4.5.1/../../../../avr/lib/avr25\libm.a(fp_round.o)
 .text          0x000019ee        0x0 c:/meineprogramme/hwcodesign/avrstudio51/extensions/atmel/avrgcc/3.3.1.27/avrtoolchain/bin/../lib/gcc/avr/4.5.1/avr25\libgcc.a(_mulhi3.o)
 .text          0x000019ee        0x0 c:/meineprogramme/hwcodesign/avrstudio51/extensions/atmel/avrgcc/3.3.1.27/avrtoolchain/bin/../lib/gcc/avr/4.5.1/avr25\libgcc.a(_udivmodhi4.o)
 .text          0x000019ee        0x0 c:/meineprogramme/hwcodesign/avrstudio51/extensions/atmel/avrgcc/3.3.1.27/avrtoolchain/bin/../lib/gcc/avr/4.5.1/avr25\libgcc.a(_exit.o)
 .text          0x000019ee        0x0 c:/meineprogramme/hwcodesign/avrstudio51/extensions/atmel/avrgcc/3.3.1.27/avrtoolchain/bin/../lib/gcc/avr/4.5.1/avr25\libgcc.a(_copy_data.o)
 .text          0x000019ee        0x0 c:/meineprogramme/hwcodesign/avrstudio51/extensions/atmel/avrgcc/3.3.1.27/avrtoolchain/bin/../lib/gcc/avr/4.5.1/avr25\libgcc.a(_clear_bss.o)
 .text          0x000019ee        0x0 c:/meineprogramme/hwcodesign/avrstudio51/extensions/atmel/avrgcc/3.3.1.27/avrtoolchain/bin/../lib/gcc/avr/4.5.1/../../../../avr/lib/avr25\libc.a(eerd_block_attiny84.o)
 .text          0x000019ee        0x0 c:/meineprogramme/hwcodesign/avrstudio51/extensions/atmel/avrgcc/3.3.1.27/avrtoolchain/bin/../lib/gcc/avr/4.5.1/../../../../avr/lib/avr25\libc.a(eerd_byte_attiny84.o)
 .text          0x000019ee        0x0 c:/meineprogramme/hwcodesign/avrstudio51/extensions/atmel/avrgcc/3.3.1.27/avrtoolchain/bin/../lib/gcc/avr/4.5.1/../../../../avr/lib/avr25\libc.a(eerd_word_attiny84.o)
 .text          0x000019ee        0x0 c:/meineprogramme/hwcodesign/avrstudio51/extensions/atmel/avrgcc/3.3.1.27/avrtoolchain/bin/../lib/gcc/avr/4.5.1/../../../../avr/lib/avr25\libc.a(eewr_block_attiny84.o)
 .text          0x000019ee        0x0 c:/meineprogramme/hwcodesign/avrstudio51/extensions/atmel/avrgcc/3.3.1.27/avrtoolchain/bin/../lib/gcc/avr/4.5.1/../../../../avr/lib/avr25\libc.a(eewr_byte_attiny84.o)
 .text          0x000019ee        0x0 c:/meineprogramme/hwcodesign/avrstudio51/extensions/atmel/avrgcc/3.3.1.27/avrtoolchain/bin/../lib/gcc/avr/4.5.1/../../../../avr/lib/avr25\libc.a(eewr_word_attiny84.o)
                0x000019ee                . = ALIGN (0x2)
 *(.text.*)
 .text.avr-libc.fplib
                0x000019ee        0x8 c:/meineprogramme/hwcodesign/avrstudio51/extensions/atmel/avrgcc/3.3.1.27/avrtoolchain/bin/../lib/gcc/avr/4.5.1/../../../../avr/lib/avr25\libm.a(cmpsf2.o)
                0x000019ee                __nesf2
                0x000019ee                __eqsf2
                0x000019ee                __cmpsf2
                0x000019ee                __ltsf2
                0x000019ee                __lesf2
 .text.avr-libc.fplib
                0x000019f6       0x58 c:/meineprogramme/hwcodesign/avrstudio51/extensions/atmel/avrgcc/3.3.1.27/avrtoolchain/bin/../lib/gcc/avr/4.5.1/../../../../avr/lib/avr25\libm.a(fixunssfsi.o)
                0x000019f6                __fixunssfsi
 .text.avr-libc.fplib
                0x00001a4e       0x48 c:/meineprogramme/hwcodesign/avrstudio51/extensions/atmel/avrgcc/3.3.1.27/avrtoolchain/bin/../lib/gcc/avr/4.5.1/../../../../avr/lib/avr25\libm.a(fp_cmp.o)
                0x00001a4e                __fp_cmp
 .text.avr-libc.fplib
                0x00001a96       0x44 c:/meineprogramme/hwcodesign/avrstudio51/extensions/atmel/avrgcc/3.3.1.27/avrtoolchain/bin/../lib/gcc/avr/4.5.1/../../../../avr/lib/avr25\libm.a(fp_split3.o)
                0x00001a96                __fp_split3
                0x00001aa6                __fp_splitA
 .text.avr-libc.fplib
                0x00001ada        0xe c:/meineprogramme/hwcodesign/avrstudio51/extensions/atmel/avrgcc/3.3.1.27/avrtoolchain/bin/../lib/gcc/avr/4.5.1/../../../../avr/lib/avr25\libm.a(fp_zero.o)
                0x00001ada                __fp_zero
                0x00001adc                __fp_szero
 .text.avr-libc.fplib
                0x00001ae8        0x8 c:/meineprogramme/hwcodesign/avrstudio51/extensions/atmel/avrgcc/3.3.1.27/avrtoolchain/bin/../lib/gcc/avr/4.5.1/../../../../avr/lib/avr25\libm.a(gesf2.o)
                0x00001ae8                __gesf2
                0x00001ae8                __gtsf2
 .text.avr-libc.fplib
                0x00001af0        0x4 c:/meineprogramme/hwcodesign/avrstudio51/extensions/atmel/avrgcc/3.3.1.27/avrtoolchain/bin/../lib/gcc/avr/4.5.1/../../../../avr/lib/avr25\libm.a(mulsf3.o)
                0x00001af0                __mulsf3
 .text.avr-libc.fplib
                0x00001af4       0xd2 c:/meineprogramme/hwcodesign/avrstudio51/extensions/atmel/avrgcc/3.3.1.27/avrtoolchain/bin/../lib/gcc/avr/4.5.1/../../../../avr/lib/avr25\libm.a(mulsf3x.o)
                0x00001b06                __mulsf3x
                0x00001b0a                __mulsf3_pse
 .text.avr-libc.fplib
                0x00001bc6        0xc c:/meineprogramme/hwcodesign/avrstudio51/extensions/atmel/avrgcc/3.3.1.27/avrtoolchain/bin/../lib/gcc/avr/4.5.1/../../../../avr/lib/avr25\libm.a(fp_inf.o)
                0x00001bc6                __fp_inf
 .text.avr-libc.fplib
                0x00001bd2        0x6 c:/meineprogramme/hwcodesign/avrstudio51/extensions/atmel/avrgcc/3.3.1.27/avrtoolchain/bin/../lib/gcc/avr/4.5.1/../../../../avr/lib/avr25\libm.a(fp_nan.o)
                0x00001bd2                __fp_nan
 .text.avr-libc.fplib
                0x00001bd8        0xe c:/meineprogramme/hwcodesign/avrstudio51/extensions/atmel/avrgcc/3.3.1.27/avrtoolchain/bin/../lib/gcc/avr/4.5.1/../../../../avr/lib/avr25\libm.a(fp_pscA.o)
                0x00001bd8                __fp_pscA
 .text.avr-libc.fplib
                0x00001be6        0xe c:/meineprogramme/hwcodesign/avrstudio51/extensions/atmel/avrgcc/3.3.1.27/avrtoolchain/bin/../lib/gcc/avr/4.5.1/../../../../avr/lib/avr25\libm.a(fp_pscB.o)
                0x00001be6                __fp_pscB
 .text.avr-libc.fplib
                0x00001bf4       0x22 c:/meineprogramme/hwcodesign/avrstudio51/extensions/atmel/avrgcc/3.3.1.27/avrtoolchain/bin/../lib/gcc/avr/4.5.1/../../../../avr/lib/avr25\libm.a(fp_round.o)
                0x00001bf4                __fp_round
 .text.libgcc   0x00001c16       0x24 c:/meineprogramme/hwcodesign/avrstudio51/extensions/atmel/avrgcc/3.3.1.27/avrtoolchain/bin/../lib/gcc/avr/4.5.1/avr25\libgcc.a(_mulhi3.o)
                0x00001c16                __mulhi3
 .text.libgcc   0x00001c3a       0x28 c:/meineprogramme/hwcodesign/avrstudio51/extensions/atmel/avrgcc/3.3.1.27/avrtoolchain/bin/../lib/gcc/avr/4.5.1/avr25\libgcc.a(_udivmodhi4.o)
                0x00001c3a                __udivmodhi4
 .text.libgcc   0x00001c62        0x0 c:/meineprogramme/hwcodesign/avrstudio51/extensions/atmel/avrgcc/3.3.1.27/avrtoolchain/bin/../lib/gcc/avr/4.5.1/avr25\libgcc.a(_exit.o)
 .text.libgcc   0x00001c62        0x0 c:/meineprogramme/hwcodesign/avrstudio51/extensions/atmel/avrgcc/3.3.1.27/avrtoolchain/bin/../lib/gcc/avr/4.5.1/avr25\libgcc.a(_copy_data.o)
 .text.libgcc   0x00001c62        0x0 c:/meineprogramme/hwcodesign/avrstudio51/extensions/atmel/avrgcc/3.3.1.27/avrtoolchain/bin/../lib/gcc/avr/4.5.1/avr25\libgcc.a(_clear_bss.o)
 .text.avr-libc
                0x00001c62       0x20 c:/meineprogramme/hwcodesign/avrstudio51/extensions/atmel/avrgcc/3.3.1.27/avrtoolchain/bin/../lib/gcc/avr/4.5.1/../../../../avr/lib/avr25\libc.a(eerd_block_attiny84.o)
                0x00001c62                __eerd_block_tn84
                0x00001c66                __eerd_blraw_tn84
 .text.avr-libc
                0x00001c82       0x10 c:/meineprogramme/hwcodesign/avrstudio51/extensions/atmel/avrgcc/3.3.1.27/avrtoolchain/bin/../lib/gcc/avr/4.5.1/../../../../avr/lib/avr25\libc.a(eerd_byte_attiny84.o)
                0x00001c82                __eerd_byte_tn84
 .text.avr-libc
                0x00001c92        0xa c:/meineprogramme/hwcodesign/avrstudio51/extensions/atmel/avrgcc/3.3.1.27/avrtoolchain/bin/../lib/gcc/avr/4.5.1/../../../../avr/lib/avr25\libc.a(eerd_word_attiny84.o)
                0x00001c92                __eerd_word_tn84
 .text.avr-libc
                0x00001c9c       0x12 c:/meineprogramme/hwcodesign/avrstudio51/extensions/atmel/avrgcc/3.3.1.27/avrtoolchain/bin/../lib/gcc/avr/4.5.1/../../../../avr/lib/avr25\libc.a(eewr_block_attiny84.o)
                0x00001c9c                __eewr_block_tn84
 .text.avr-libc
                0x00001cae       0x1c c:/meineprogramme/hwcodesign/avrstudio51/extensions/atmel/avrgcc/3.3.1.27/avrtoolchain/bin/../lib/gcc/avr/4.5.1/../../../../avr/lib/avr25\libc.a(eewr_byte_attiny84.o)
                0x00001cae                __eewr_byte_tn84
                0x00001cb0                __eewr_r18_tn84
 .text.avr-libc
                0x00001cca        0x6 c:/meineprogramme/hwcodesign/avrstudio51/extensions/atmel/avrgcc/3.3.1.27/avrtoolchain/bin/../lib/gcc/avr/4.5.1/../../../../avr/lib/avr25\libc.a(eewr_word_attiny84.o)
                0x00001cca                __eewr_word_tn84
                0x00001cd0                . = ALIGN (0x2)
 *(.fini9)
 .fini9         0x00001cd0        0x0 c:/meineprogramme/hwcodesign/avrstudio51/extensions/atmel/avrgcc/3.3.1.27/avrtoolchain/bin/../lib/gcc/avr/4.5.1/avr25\libgcc.a(_exit.o)
                0x00001cd0                _exit
                0x00001cd0                exit
 *(.fini9)
 *(.fini8)
 *(.fini8)
 *(.fini7)
 *(.fini7)
 *(.fini6)
 *(.fini6)
 *(.fini5)
 *(.fini5)
 *(.fini4)
 *(.fini4)
 *(.fini3)
 *(.fini3)
 *(.fini2)
 *(.fini2)
 *(.fini1)
 *(.fini1)
 *(.fini0)
 .fini0         0x00001cd0        0x4 c:/meineprogramme/hwcodesign/avrstudio51/extensions/atmel/avrgcc/3.3.1.27/avrtoolchain/bin/../lib/gcc/avr/4.5.1/avr25\libgcc.a(_exit.o)
 *(.fini0)
                0x00001cd4                _etext = .

.data           0x00800060       0x74 load address 0x00001cd4
                0x00800060                PROVIDE (__data_start, .)
 *(.data)
 .data          0x00800060        0x0 c:/meineprogramme/hwcodesign/avrstudio51/extensions/atmel/avrgcc/3.3.1.27/avrtoolchain/bin/../lib/gcc/avr/4.5.1/../../../../avr/lib/avr25/crttn84.o
 .data          0x00800060        0x0 accu.o
 .data          0x00800060       0x10 adc.o
                0x00800060                lastValues
 .data          0x00800070        0x1 button_sv3.o
                0x00800070                btnState
 .data          0x00800071        0x0 calib.o
 .data          0x00800071        0x0 controller.o
 .data          0x00800071        0x0 controller_debug.o
 .data          0x00800071        0x0 eeprom.o
 .data          0x00800071        0x0 pwm.o
 .data          0x00800071        0xe pwm_table.o
                0x00800071                pwmTable
 .data          0x0080007f       0x24 rgbled.o
                0x0080007f                colors
 .data          0x008000a3       0x20 states_sv3.o
                0x008000a3                stateWaitReturn
                0x008000a4                ledDimColors
                0x008000a8                ledProgColors1
                0x008000b3                ledProgColors2
                0x008000be                ledPWMModeColors
 .data          0x008000c3       0x10 tbl_transitions.o
 .data          0x008000d3        0x0 timer.o
 .data          0x008000d3        0x0 uart.o
 .data          0x008000d3        0x0 c:/meineprogramme/hwcodesign/avrstudio51/extensions/atmel/avrgcc/3.3.1.27/avrtoolchain/bin/../lib/gcc/avr/4.5.1/../../../../avr/lib/avr25\libm.a(cmpsf2.o)
 .data          0x008000d3        0x0 c:/meineprogramme/hwcodesign/avrstudio51/extensions/atmel/avrgcc/3.3.1.27/avrtoolchain/bin/../lib/gcc/avr/4.5.1/../../../../avr/lib/avr25\libm.a(fixunssfsi.o)
 .data          0x008000d3        0x0 c:/meineprogramme/hwcodesign/avrstudio51/extensions/atmel/avrgcc/3.3.1.27/avrtoolchain/bin/../lib/gcc/avr/4.5.1/../../../../avr/lib/avr25\libm.a(fp_cmp.o)
 .data          0x008000d3        0x0 c:/meineprogramme/hwcodesign/avrstudio51/extensions/atmel/avrgcc/3.3.1.27/avrtoolchain/bin/../lib/gcc/avr/4.5.1/../../../../avr/lib/avr25\libm.a(fp_split3.o)
 .data          0x008000d3        0x0 c:/meineprogramme/hwcodesign/avrstudio51/extensions/atmel/avrgcc/3.3.1.27/avrtoolchain/bin/../lib/gcc/avr/4.5.1/../../../../avr/lib/avr25\libm.a(fp_zero.o)
 .data          0x008000d3        0x0 c:/meineprogramme/hwcodesign/avrstudio51/extensions/atmel/avrgcc/3.3.1.27/avrtoolchain/bin/../lib/gcc/avr/4.5.1/../../../../avr/lib/avr25\libm.a(gesf2.o)
 .data          0x008000d3        0x0 c:/meineprogramme/hwcodesign/avrstudio51/extensions/atmel/avrgcc/3.3.1.27/avrtoolchain/bin/../lib/gcc/avr/4.5.1/../../../../avr/lib/avr25\libm.a(mulsf3.o)
 .data          0x008000d3        0x0 c:/meineprogramme/hwcodesign/avrstudio51/extensions/atmel/avrgcc/3.3.1.27/avrtoolchain/bin/../lib/gcc/avr/4.5.1/../../../../avr/lib/avr25\libm.a(mulsf3x.o)
 .data          0x008000d3        0x0 c:/meineprogramme/hwcodesign/avrstudio51/extensions/atmel/avrgcc/3.3.1.27/avrtoolchain/bin/../lib/gcc/avr/4.5.1/../../../../avr/lib/avr25\libm.a(fp_inf.o)
 .data          0x008000d3        0x0 c:/meineprogramme/hwcodesign/avrstudio51/extensions/atmel/avrgcc/3.3.1.27/avrtoolchain/bin/../lib/gcc/avr/4.5.1/../../../../avr/lib/avr25\libm.a(fp_nan.o)
 .data          0x008000d3        0x0 c:/meineprogramme/hwcodesign/avrstudio51/extensions/atmel/avrgcc/3.3.1.27/avrtoolchain/bin/../lib/gcc/avr/4.5.1/../../../../avr/lib/avr25\libm.a(fp_pscA.o)
 .data          0x008000d3        0x0 c:/meineprogramme/hwcodesign/avrstudio51/extensions/atmel/avrgcc/3.3.1.27/avrtoolchain/bin/../lib/gcc/avr/4.5.1/../../../../avr/lib/avr25\libm.a(fp_pscB.o)
 .data          0x008000d3        0x0 c:/meineprogramme/hwcodesign/avrstudio51/extensions/atmel/avrgcc/3.3.1.27/avrtoolchain/bin/../lib/gcc/avr/4.5.1/../../../../avr/lib/avr25\libm.a(fp_round.o)
 .data          0x008000d3        0x0 c:/meineprogramme/hwcodesign/avrstudio51/extensions/atmel/avrgcc/3.3.1.27/avrtoolchain/bin/../lib/gcc/avr/4.5.1/avr25\libgcc.a(_mulhi3.o)
 .data          0x008000d3        0x0 c:/meineprogramme/hwcodesign/avrstudio51/extensions/atmel/avrgcc/3.3.1.27/avrtoolchain/bin/../lib/gcc/avr/4.5.1/avr25\libgcc.a(_udivmodhi4.o)
 .data          0x008000d3        0x0 c:/meineprogramme/hwcodesign/avrstudio51/extensions/atmel/avrgcc/3.3.1.27/avrtoolchain/bin/../lib/gcc/avr/4.5.1/avr25\libgcc.a(_exit.o)
 .data          0x008000d3        0x0 c:/meineprogramme/hwcodesign/avrstudio51/extensions/atmel/avrgcc/3.3.1.27/avrtoolchain/bin/../lib/gcc/avr/4.5.1/avr25\libgcc.a(_copy_data.o)
 .data          0x008000d3        0x0 c:/meineprogramme/hwcodesign/avrstudio51/extensions/atmel/avrgcc/3.3.1.27/avrtoolchain/bin/../lib/gcc/avr/4.5.1/avr25\libgcc.a(_clear_bss.o)
 .data          0x008000d3        0x0 c:/meineprogramme/hwcodesign/avrstudio51/extensions/atmel/avrgcc/3.3.1.27/avrtoolchain/bin/../lib/gcc/avr/4.5.1/../../../../avr/lib/avr25\libc.a(eerd_block_attiny84.o)
 .data          0x008000d3        0x0 c:/meineprogramme/hwcodesign/avrstudio51/extensions/atmel/avrgcc/3.3.1.27/avrtoolchain/bin/../lib/gcc/avr/4.5.1/../../../../avr/lib/avr25\libc.a(eerd_byte_attiny84.o)
 .data          0x008000d3        0x0 c:/meineprogramme/hwcodesign/avrstudio51/extensions/atmel/avrgcc/3.3.1.27/avrtoolchain/bin/../lib/gcc/avr/4.5.1/../../../../avr/lib/avr25\libc.a(eerd_word_attiny84.o)
 .data          0x008000d3        0x0 c:/meineprogramme/hwcodesign/avrstudio51/extensions/atmel/avrgcc/3.3.1.27/avrtoolchain/bin/../lib/gcc/avr/4.5.1/../../../../avr/lib/avr25\libc.a(eewr_block_attiny84.o)
 .data          0x008000d3        0x0 c:/meineprogramme/hwcodesign/avrstudio51/extensions/atmel/avrgcc/3.3.1.27/avrtoolchain/bin/../lib/gcc/avr/4.5.1/../../../../avr/lib/avr25\libc.a(eewr_byte_attiny84.o)
 .data          0x008000d3        0x0 c:/meineprogramme/hwcodesign/avrstudio51/extensions/atmel/avrgcc/3.3.1.27/avrtoolchain/bin/../lib/gcc/avr/4.5.1/../../../../avr/lib/avr25\libc.a(eewr_word_attiny84.o)
 *(.data*)
 *(.rodata)
 *(.rodata*)
 *(.gnu.linkonce.d*)
                0x008000d4                . = ALIGN (0x2)
 *fill*         0x008000d3        0x1 00
                0x008000d4                _edata = .
                0x008000d4                PROVIDE (__data_end, .)

.bss            0x008000d4       0x28
                0x008000d4                PROVIDE (__bss_start, .)
 *(.bss)
 .bss           0x008000d4        0x0 c:/meineprogramme/hwcodesign/avrstudio51/extensions/atmel/avrgcc/3.3.1.27/avrtoolchain/bin/../lib/gcc/avr/4.5.1/../../../../avr/lib/avr25/crttn84.o
 .bss           0x008000d4        0x1 accu.o
                0x008000d4                accuDisplayEnabled
 .bss           0x008000d5        0x1 adc.o
                0x008000d5                currentIndex
 .bss           0x008000d6        0x2 button_sv3.o
                0x008000d6                btnCode
 .bss           0x008000d8        0x0 calib.o
 .bss           0x008000d8        0x0 controller.o
 .bss           0x008000d8        0x0 controller_debug.o
 .bss           0x008000d8        0x0 eeprom.o
 .bss           0x008000d8        0x1 pwm.o
                0x008000d8                pwm2Enabled
 .bss           0x008000d9        0x0 pwm_table.o
 .bss           0x008000d9        0x0 rgbled.o
 .bss           0x008000d9        0x4 states_sv3.o
                0x008000d9                dimLevel
                0x008000da                progSelect
                0x008000db                progOutputIndex
                0x008000dc                progOutputDimLevel
 .bss           0x008000dd        0x0 tbl_transitions.o
 .bss           0x008000dd        0x1 timer.o
                0x008000dd                timerFlags
 .bss           0x008000de        0x0 uart.o
 .bss           0x008000de        0x0 c:/meineprogramme/hwcodesign/avrstudio51/extensions/atmel/avrgcc/3.3.1.27/avrtoolchain/bin/../lib/gcc/avr/4.5.1/../../../../avr/lib/avr25\libm.a(cmpsf2.o)
 .bss           0x008000de        0x0 c:/meineprogramme/hwcodesign/avrstudio51/extensions/atmel/avrgcc/3.3.1.27/avrtoolchain/bin/../lib/gcc/avr/4.5.1/../../../../avr/lib/avr25\libm.a(fixunssfsi.o)
 .bss           0x008000de        0x0 c:/meineprogramme/hwcodesign/avrstudio51/extensions/atmel/avrgcc/3.3.1.27/avrtoolchain/bin/../lib/gcc/avr/4.5.1/../../../../avr/lib/avr25\libm.a(fp_cmp.o)
 .bss           0x008000de        0x0 c:/meineprogramme/hwcodesign/avrstudio51/extensions/atmel/avrgcc/3.3.1.27/avrtoolchain/bin/../lib/gcc/avr/4.5.1/../../../../avr/lib/avr25\libm.a(fp_split3.o)
 .bss           0x008000de        0x0 c:/meineprogramme/hwcodesign/avrstudio51/extensions/atmel/avrgcc/3.3.1.27/avrtoolchain/bin/../lib/gcc/avr/4.5.1/../../../../avr/lib/avr25\libm.a(fp_zero.o)
 .bss           0x008000de        0x0 c:/meineprogramme/hwcodesign/avrstudio51/extensions/atmel/avrgcc/3.3.1.27/avrtoolchain/bin/../lib/gcc/avr/4.5.1/../../../../avr/lib/avr25\libm.a(gesf2.o)
 .bss           0x008000de        0x0 c:/meineprogramme/hwcodesign/avrstudio51/extensions/atmel/avrgcc/3.3.1.27/avrtoolchain/bin/../lib/gcc/avr/4.5.1/../../../../avr/lib/avr25\libm.a(mulsf3.o)
 .bss           0x008000de        0x0 c:/meineprogramme/hwcodesign/avrstudio51/extensions/atmel/avrgcc/3.3.1.27/avrtoolchain/bin/../lib/gcc/avr/4.5.1/../../../../avr/lib/avr25\libm.a(mulsf3x.o)
 .bss           0x008000de        0x0 c:/meineprogramme/hwcodesign/avrstudio51/extensions/atmel/avrgcc/3.3.1.27/avrtoolchain/bin/../lib/gcc/avr/4.5.1/../../../../avr/lib/avr25\libm.a(fp_inf.o)
 .bss           0x008000de        0x0 c:/meineprogramme/hwcodesign/avrstudio51/extensions/atmel/avrgcc/3.3.1.27/avrtoolchain/bin/../lib/gcc/avr/4.5.1/../../../../avr/lib/avr25\libm.a(fp_nan.o)
 .bss           0x008000de        0x0 c:/meineprogramme/hwcodesign/avrstudio51/extensions/atmel/avrgcc/3.3.1.27/avrtoolchain/bin/../lib/gcc/avr/4.5.1/../../../../avr/lib/avr25\libm.a(fp_pscA.o)
 .bss           0x008000de        0x0 c:/meineprogramme/hwcodesign/avrstudio51/extensions/atmel/avrgcc/3.3.1.27/avrtoolchain/bin/../lib/gcc/avr/4.5.1/../../../../avr/lib/avr25\libm.a(fp_pscB.o)
 .bss           0x008000de        0x0 c:/meineprogramme/hwcodesign/avrstudio51/extensions/atmel/avrgcc/3.3.1.27/avrtoolchain/bin/../lib/gcc/avr/4.5.1/../../../../avr/lib/avr25\libm.a(fp_round.o)
 .bss           0x008000de        0x0 c:/meineprogramme/hwcodesign/avrstudio51/extensions/atmel/avrgcc/3.3.1.27/avrtoolchain/bin/../lib/gcc/avr/4.5.1/avr25\libgcc.a(_mulhi3.o)
 .bss           0x008000de        0x0 c:/meineprogramme/hwcodesign/avrstudio51/extensions/atmel/avrgcc/3.3.1.27/avrtoolchain/bin/../lib/gcc/avr/4.5.1/avr25\libgcc.a(_udivmodhi4.o)
 .bss           0x008000de        0x0 c:/meineprogramme/hwcodesign/avrstudio51/extensions/atmel/avrgcc/3.3.1.27/avrtoolchain/bin/../lib/gcc/avr/4.5.1/avr25\libgcc.a(_exit.o)
 .bss           0x008000de        0x0 c:/meineprogramme/hwcodesign/avrstudio51/extensions/atmel/avrgcc/3.3.1.27/avrtoolchain/bin/../lib/gcc/avr/4.5.1/avr25\libgcc.a(_copy_data.o)
 .bss           0x008000de        0x0 c:/meineprogramme/hwcodesign/avrstudio51/extensions/atmel/avrgcc/3.3.1.27/avrtoolchain/bin/../lib/gcc/avr/4.5.1/avr25\libgcc.a(_clear_bss.o)
 .bss           0x008000de        0x0 c:/meineprogramme/hwcodesign/avrstudio51/extensions/atmel/avrgcc/3.3.1.27/avrtoolchain/bin/../lib/gcc/avr/4.5.1/../../../../avr/lib/avr25\libc.a(eerd_block_attiny84.o)
 .bss           0x008000de        0x0 c:/meineprogramme/hwcodesign/avrstudio51/extensions/atmel/avrgcc/3.3.1.27/avrtoolchain/bin/../lib/gcc/avr/4.5.1/../../../../avr/lib/avr25\libc.a(eerd_byte_attiny84.o)
 .bss           0x008000de        0x0 c:/meineprogramme/hwcodesign/avrstudio51/extensions/atmel/avrgcc/3.3.1.27/avrtoolchain/bin/../lib/gcc/avr/4.5.1/../../../../avr/lib/avr25\libc.a(eerd_word_attiny84.o)
 .bss           0x008000de        0x0 c:/meineprogramme/hwcodesign/avrstudio51/extensions/atmel/avrgcc/3.3.1.27/avrtoolchain/bin/../lib/gcc/avr/4.5.1/../../../../avr/lib/avr25\libc.a(eewr_block_attiny84.o)
 .bss           0x008000de        0x0 c:/meineprogramme/hwcodesign/avrstudio51/extensions/atmel/avrgcc/3.3.1.27/avrtoolchain/bin/../lib/gcc/avr/4.5.1/../../../../avr/lib/avr25\libc.a(eewr_byte_attiny84.o)
 .bss           0x008000de        0x0 c:/meineprogramme/hwcodesign/avrstudio51/extensions/atmel/avrgcc/3.3.1.27/avrtoolchain/bin/../lib/gcc/avr/4.5.1/../../../../avr/lib/avr25\libc.a(eewr_word_attiny84.o)
 *(.bss*)
 *(COMMON)
 COMMON         0x008000de       0x12 accu.o
                0x008000de                accuVoltageLevels
                0x008000ee                currentADCValue
 COMMON         0x008000f0        0x4 adc.o
                0x008000f0                pwmOutput
 COMMON         0x008000f4        0x8 button_sv3.o
                0x008000f4                time
 COMMON         0x008000fc        0x0 controller.o
 COMMON         0x008000fc        0x0 eeprom.o
                0x008000fc                PROVIDE (__bss_end, .)
                0x00001cd4                __data_load_start = LOADADDR (.data)
                0x00001d48                __data_load_end = (__data_load_start + SIZEOF (.data))

.noinit         0x008000fc        0x0
                0x008000fc                PROVIDE (__noinit_start, .)
 *(.noinit*)
                0x008000fc                PROVIDE (__noinit_end, .)
                0x008000fc                _end = .
                0x008000fc                PROVIDE (__heap_start, .)

.eeprom         0x00810000       0xfe
 *(.eeprom*)
 .eeprom        0x00810000       0x10 accu.o
                0x00810000                eeAccuVoltageLevels
 .eeprom        0x00810010       0xdd calib.o
                0x00810010                eeCalibAdcValues
                0x008100ec                eeCalibFlag
 .eeprom        0x008100ed        0x3 eeprom.o
                0x008100ed                eeFooByte
                0x008100ee                eeActiveFlag
                0x008100ef                eeDoNotUse
 .eeprom        0x008100f0        0xe pwm_table.o
                0x008100f0                eePwmTable
                0x008100fe                __eeprom_end = .

.fuse
 *(.fuse)
 *(.lfuse)
 *(.hfuse)
 *(.efuse)

.lock
 *(.lock*)

.signature
 *(.signature*)

.stab           0x00000000     0x1a70
 *(.stab)
 .stab          0x00000000      0x6cc c:/meineprogramme/hwcodesign/avrstudio51/extensions/atmel/avrgcc/3.3.1.27/avrtoolchain/bin/../lib/gcc/avr/4.5.1/../../../../avr/lib/avr25/crttn84.o
 .stab          0x000006cc       0x90 c:/meineprogramme/hwcodesign/avrstudio51/extensions/atmel/avrgcc/3.3.1.27/avrtoolchain/bin/../lib/gcc/avr/4.5.1/../../../../avr/lib/avr25\libm.a(cmpsf2.o)
                                 0x9c (size before relaxing)
 .stab          0x0000075c      0x240 c:/meineprogramme/hwcodesign/avrstudio51/extensions/atmel/avrgcc/3.3.1.27/avrtoolchain/bin/../lib/gcc/avr/4.5.1/../../../../avr/lib/avr25\libm.a(fixunssfsi.o)
                                0x24c (size before relaxing)
 .stab          0x0000099c      0x1e0 c:/meineprogramme/hwcodesign/avrstudio51/extensions/atmel/avrgcc/3.3.1.27/avrtoolchain/bin/../lib/gcc/avr/4.5.1/../../../../avr/lib/avr25\libm.a(fp_cmp.o)
                                0x1ec (size before relaxing)
 .stab          0x00000b7c      0x1d4 c:/meineprogramme/hwcodesign/avrstudio51/extensions/atmel/avrgcc/3.3.1.27/avrtoolchain/bin/../lib/gcc/avr/4.5.1/../../../../avr/lib/avr25\libm.a(fp_split3.o)
                                0x1e0 (size before relaxing)
 .stab          0x00000d50       0x90 c:/meineprogramme/hwcodesign/avrstudio51/extensions/atmel/avrgcc/3.3.1.27/avrtoolchain/bin/../lib/gcc/avr/4.5.1/../../../../avr/lib/avr25\libm.a(fp_zero.o)
                                 0x9c (size before relaxing)
 .stab          0x00000de0       0x6c c:/meineprogramme/hwcodesign/avrstudio51/extensions/atmel/avrgcc/3.3.1.27/avrtoolchain/bin/../lib/gcc/avr/4.5.1/../../../../avr/lib/avr25\libm.a(gesf2.o)
                                 0x78 (size before relaxing)
 .stab          0x00000e4c       0x48 c:/meineprogramme/hwcodesign/avrstudio51/extensions/atmel/avrgcc/3.3.1.27/avrtoolchain/bin/../lib/gcc/avr/4.5.1/../../../../avr/lib/avr25\libm.a(mulsf3.o)
                                 0x54 (size before relaxing)
 .stab          0x00000e94      0x534 c:/meineprogramme/hwcodesign/avrstudio51/extensions/atmel/avrgcc/3.3.1.27/avrtoolchain/bin/../lib/gcc/avr/4.5.1/../../../../avr/lib/avr25\libm.a(mulsf3x.o)
                                0x540 (size before relaxing)
 .stab          0x000013c8       0x78 c:/meineprogramme/hwcodesign/avrstudio51/extensions/atmel/avrgcc/3.3.1.27/avrtoolchain/bin/../lib/gcc/avr/4.5.1/../../../../avr/lib/avr25\libm.a(fp_inf.o)
                                 0x84 (size before relaxing)
 .stab          0x00001440       0x54 c:/meineprogramme/hwcodesign/avrstudio51/extensions/atmel/avrgcc/3.3.1.27/avrtoolchain/bin/../lib/gcc/avr/4.5.1/../../../../avr/lib/avr25\libm.a(fp_nan.o)
                                 0x60 (size before relaxing)
 .stab          0x00001494       0x84 c:/meineprogramme/hwcodesign/avrstudio51/extensions/atmel/avrgcc/3.3.1.27/avrtoolchain/bin/../lib/gcc/avr/4.5.1/../../../../avr/lib/avr25\libm.a(fp_pscA.o)
                                 0x90 (size before relaxing)
 .stab          0x00001518       0x84 c:/meineprogramme/hwcodesign/avrstudio51/extensions/atmel/avrgcc/3.3.1.27/avrtoolchain/bin/../lib/gcc/avr/4.5.1/../../../../avr/lib/avr25\libm.a(fp_pscB.o)
                                 0x90 (size before relaxing)
 .stab          0x0000159c       0xfc c:/meineprogramme/hwcodesign/avrstudio51/extensions/atmel/avrgcc/3.3.1.27/avrtoolchain/bin/../lib/gcc/avr/4.5.1/../../../../avr/lib/avr25\libm.a(fp_round.o)
                                0x108 (size before relaxing)
 .stab          0x00001698      0x108 c:/meineprogramme/hwcodesign/avrstudio51/extensions/atmel/avrgcc/3.3.1.27/avrtoolchain/bin/../lib/gcc/avr/4.5.1/../../../../avr/lib/avr25\libc.a(eerd_block_attiny84.o)
                                0x114 (size before relaxing)
 .stab          0x000017a0       0x90 c:/meineprogramme/hwcodesign/avrstudio51/extensions/atmel/avrgcc/3.3.1.27/avrtoolchain/bin/../lib/gcc/avr/4.5.1/../../../../avr/lib/avr25\libc.a(eerd_byte_attiny84.o)
                                 0x9c (size before relaxing)
 .stab          0x00001830       0x6c c:/meineprogramme/hwcodesign/avrstudio51/extensions/atmel/avrgcc/3.3.1.27/avrtoolchain/bin/../lib/gcc/avr/4.5.1/../../../../avr/lib/avr25\libc.a(eerd_word_attiny84.o)
                                 0x78 (size before relaxing)
 .stab          0x0000189c       0x9c c:/meineprogramme/hwcodesign/avrstudio51/extensions/atmel/avrgcc/3.3.1.27/avrtoolchain/bin/../lib/gcc/avr/4.5.1/../../../../avr/lib/avr25\libc.a(eewr_block_attiny84.o)
                                 0xa8 (size before relaxing)
 .stab          0x00001938       0xe4 c:/meineprogramme/hwcodesign/avrstudio51/extensions/atmel/avrgcc/3.3.1.27/avrtoolchain/bin/../lib/gcc/avr/4.5.1/../../../../avr/lib/avr25\libc.a(eewr_byte_attiny84.o)
                                 0xf0 (size before relaxing)
 .stab          0x00001a1c       0x54 c:/meineprogramme/hwcodesign/avrstudio51/extensions/atmel/avrgcc/3.3.1.27/avrtoolchain/bin/../lib/gcc/avr/4.5.1/../../../../avr/lib/avr25\libc.a(eewr_word_attiny84.o)
                                 0x60 (size before relaxing)

.stabstr        0x00000000      0x8ae
 *(.stabstr)
 .stabstr       0x00000000      0x8ae c:/meineprogramme/hwcodesign/avrstudio51/extensions/atmel/avrgcc/3.3.1.27/avrtoolchain/bin/../lib/gcc/avr/4.5.1/../../../../avr/lib/avr25/crttn84.o

.stab.excl
 *(.stab.excl)

.stab.exclstr
 *(.stab.exclstr)

.stab.index
 *(.stab.index)

.stab.indexstr
 *(.stab.indexstr)

.comment
 *(.comment)

.debug
 *(.debug)

.line
 *(.line)

.debug_srcinfo
 *(.debug_srcinfo)

.debug_sfnames
 *(.debug_sfnames)

.debug_aranges  0x00000000      0x180
 *(.debug_aranges)
 .debug_aranges
                0x00000000       0x20 accu.o
 .debug_aranges
                0x00000020       0x20 adc.o
 .debug_aranges
                0x00000040       0x20 button_sv3.o
 .debug_aranges
                0x00000060       0x20 calib.o
 .debug_aranges
                0x00000080       0x20 controller.o
 .debug_aranges
                0x000000a0       0x20 eeprom.o
 .debug_aranges
                0x000000c0       0x20 pwm.o
 .debug_aranges
                0x000000e0       0x20 pwm_table.o
 .debug_aranges
                0x00000100       0x20 rgbled.o
 .debug_aranges
                0x00000120       0x20 states_sv3.o
 .debug_aranges
                0x00000140       0x20 tbl_transitions.o
 .debug_aranges
                0x00000160       0x20 timer.o

.debug_pubnames
                0x00000000      0xbd9
 *(.debug_pubnames)
 .debug_pubnames
                0x00000000      0x169 accu.o
 .debug_pubnames
                0x00000169       0xa4 adc.o
 .debug_pubnames
                0x0000020d       0x69 button_sv3.o
 .debug_pubnames
                0x00000276       0xd5 calib.o
 .debug_pubnames
                0x0000034b      0x137 controller.o
 .debug_pubnames
                0x00000482       0xfc eeprom.o
 .debug_pubnames
                0x0000057e       0xe7 pwm.o
 .debug_pubnames
                0x00000665      0x109 pwm_table.o
 .debug_pubnames
                0x0000076e      0x204 rgbled.o
 .debug_pubnames
                0x00000972      0x1be states_sv3.o
 .debug_pubnames
                0x00000b30       0x5b tbl_transitions.o
 .debug_pubnames
                0x00000b8b       0x4e timer.o

.debug_info     0x00000000     0x1f95
 *(.debug_info)
 .debug_info    0x00000000      0x211 accu.o
 .debug_info    0x00000211      0x1ce adc.o
 .debug_info    0x000003df      0x1c0 button_sv3.o
 .debug_info    0x0000059f      0x207 calib.o
 .debug_info    0x000007a6      0x365 controller.o
 .debug_info    0x00000b0b       0x5e controller_debug.o
 .debug_info    0x00000b69      0x1c4 eeprom.o
 .debug_info    0x00000d2d      0x37b pwm.o
 .debug_info    0x000010a8      0x236 pwm_table.o
 .debug_info    0x000012de      0x46a rgbled.o
 .debug_info    0x00001748      0x4d6 states_sv3.o
 .debug_info    0x00001c1e      0x19c tbl_transitions.o
 .debug_info    0x00001dba      0x17d timer.o
 .debug_info    0x00001f37       0x5e uart.o
 *(.gnu.linkonce.wi.*)

.debug_abbrev   0x00000000      0xadd
 *(.debug_abbrev)
 .debug_abbrev  0x00000000       0xdf accu.o
 .debug_abbrev  0x000000df       0xd1 adc.o
 .debug_abbrev  0x000001b0       0xc6 button_sv3.o
 .debug_abbrev  0x00000276       0xb5 calib.o
 .debug_abbrev  0x0000032b      0x131 controller.o
 .debug_abbrev  0x0000045c       0x2a controller_debug.o
 .debug_abbrev  0x00000486       0xd9 eeprom.o
 .debug_abbrev  0x0000055f      0x12e pwm.o
 .debug_abbrev  0x0000068d       0xd8 pwm_table.o
 .debug_abbrev  0x00000765       0xeb rgbled.o
 .debug_abbrev  0x00000850       0xd8 states_sv3.o
 .debug_abbrev  0x00000928       0xc5 tbl_transitions.o
 .debug_abbrev  0x000009ed       0xc6 timer.o
 .debug_abbrev  0x00000ab3       0x2a uart.o

.debug_line     0x00000000     0x24e2
 *(.debug_line)
 .debug_line    0x00000000      0x222 accu.o
 .debug_line    0x00000222      0x212 adc.o
 .debug_line    0x00000434      0x2a5 button_sv3.o
 .debug_line    0x000006d9      0x240 calib.o
 .debug_line    0x00000919      0x368 controller.o
 .debug_line    0x00000c81       0x3e controller_debug.o
 .debug_line    0x00000cbf      0x18d eeprom.o
 .debug_line    0x00000e4c      0x394 pwm.o
 .debug_line    0x000011e0      0x219 pwm_table.o
 .debug_line    0x000013f9      0x43a rgbled.o
 .debug_line    0x00001833      0x8f8 states_sv3.o
 .debug_line    0x0000212b      0x184 tbl_transitions.o
 .debug_line    0x000022af      0x1f5 timer.o
 .debug_line    0x000024a4       0x3e uart.o

.debug_frame    0x00000000      0x4d0
 *(.debug_frame)
 .debug_frame   0x00000000       0x70 accu.o
 .debug_frame   0x00000070       0x40 adc.o
 .debug_frame   0x000000b0       0x30 button_sv3.o
 .debug_frame   0x000000e0       0x60 calib.o
 .debug_frame   0x00000140       0x50 controller.o
 .debug_frame   0x00000190       0x60 eeprom.o
 .debug_frame   0x000001f0       0x70 pwm.o
 .debug_frame   0x00000260       0x70 pwm_table.o
 .debug_frame   0x000002d0      0x180 rgbled.o
 .debug_frame   0x00000450       0x30 states_sv3.o
 .debug_frame   0x00000480       0x20 tbl_transitions.o
 .debug_frame   0x000004a0       0x30 timer.o

.debug_str      0x00000000      0x9d5
 *(.debug_str)
 .debug_str     0x00000000      0x1e5 accu.o
                                0x219 (size before relaxing)
 .debug_str     0x000001e5       0xb0 adc.o
                                0x19f (size before relaxing)
 .debug_str     0x00000295       0xba button_sv3.o
                                0x199 (size before relaxing)
 .debug_str     0x0000034f       0x7e calib.o
                                0x192 (size before relaxing)
 .debug_str     0x000003cd       0x8e controller.o
                                0x278 (size before relaxing)
 .debug_str     0x0000045b       0x18 controller_debug.o
                                 0xe6 (size before relaxing)
 .debug_str     0x00000473       0x93 eeprom.o
                                0x1ad (size before relaxing)
 .debug_str     0x00000506       0xf4 pwm.o
                                0x286 (size before relaxing)
 .debug_str     0x000005fa       0xad pwm_table.o
                                0x210 (size before relaxing)
 .debug_str     0x000006a7      0x18b rgbled.o
                                0x2ed (size before relaxing)
 .debug_str     0x00000832       0xf9 states_sv3.o
                                0x326 (size before relaxing)
 .debug_str     0x0000092b       0x69 tbl_transitions.o
                                0x1ad (size before relaxing)
 .debug_str     0x00000994       0x35 timer.o
                                0x15b (size before relaxing)
 .debug_str     0x000009c9        0xc uart.o
                                 0xda (size before relaxing)

.debug_loc
 *(.debug_loc)

.debug_macinfo
 *(.debug_macinfo)
OUTPUT(v3_Single_T84.elf elf32-avr)
LOAD linker stubs

.debug_pubtypes
                0x00000000      0x2e2
 .debug_pubtypes
                0x00000000       0x2b accu.o
 .debug_pubtypes
                0x0000002b       0x3a adc.o
 .debug_pubtypes
                0x00000065       0x3b button_sv3.o
 .debug_pubtypes
                0x000000a0       0x2b calib.o
 .debug_pubtypes
                0x000000cb       0x4a controller.o
 .debug_pubtypes
                0x00000115       0x12 controller_debug.o
 .debug_pubtypes
                0x00000127       0x2b eeprom.o
 .debug_pubtypes
                0x00000152       0x4a pwm.o
 .debug_pubtypes
                0x0000019c       0x3a pwm_table.o
 .debug_pubtypes
                0x000001d6       0x3b rgbled.o
 .debug_pubtypes
                0x00000211       0x4a states_sv3.o
 .debug_pubtypes
                0x0000025b       0x3a tbl_transitions.o
 .debug_pubtypes
                0x00000295       0x3b timer.o
 .debug_pubtypes
                0x000002d0       0x12 uart.o
