Archive member included because of file (symbol)

c:/meineprogramme/hwcodesign/avrstudio51/extensions/atmel/avrgcc/3.3.1.27/avrtoolchain/bin/../lib/gcc/avr/4.5.1/avr25\libgcc.a(_mulhi3.o)
                              pwm.o (__mulhi3)
c:/meineprogramme/hwcodesign/avrstudio51/extensions/atmel/avrgcc/3.3.1.27/avrtoolchain/bin/../lib/gcc/avr/4.5.1/avr25\libgcc.a(_udivmodhi4.o)
                              pwm.o (__udivmodhi4)
c:/meineprogramme/hwcodesign/avrstudio51/extensions/atmel/avrgcc/3.3.1.27/avrtoolchain/bin/../lib/gcc/avr/4.5.1/avr25\libgcc.a(_exit.o)
                              c:/meineprogramme/hwcodesign/avrstudio51/extensions/atmel/avrgcc/3.3.1.27/avrtoolchain/bin/../lib/gcc/avr/4.5.1/../../../../avr/lib/avr25/crttn84.o (exit)
c:/meineprogramme/hwcodesign/avrstudio51/extensions/atmel/avrgcc/3.3.1.27/avrtoolchain/bin/../lib/gcc/avr/4.5.1/avr25\libgcc.a(_copy_data.o)
                              adc.o (__do_copy_data)
c:/meineprogramme/hwcodesign/avrstudio51/extensions/atmel/avrgcc/3.3.1.27/avrtoolchain/bin/../lib/gcc/avr/4.5.1/avr25\libgcc.a(_clear_bss.o)
                              accu.o (__do_clear_bss)
c:/meineprogramme/hwcodesign/avrstudio51/extensions/atmel/avrgcc/3.3.1.27/avrtoolchain/bin/../lib/gcc/avr/4.5.1/../../../../avr/lib/avr25\libc.a(eerd_block_attiny84.o)
                              accu.o (__eerd_block_tn84)
c:/meineprogramme/hwcodesign/avrstudio51/extensions/atmel/avrgcc/3.3.1.27/avrtoolchain/bin/../lib/gcc/avr/4.5.1/../../../../avr/lib/avr25\libc.a(eerd_byte_attiny84.o)
                              calib.o (__eerd_byte_tn84)
c:/meineprogramme/hwcodesign/avrstudio51/extensions/atmel/avrgcc/3.3.1.27/avrtoolchain/bin/../lib/gcc/avr/4.5.1/../../../../avr/lib/avr25\libc.a(eerd_word_attiny84.o)
                              calib.o (__eerd_word_tn84)
c:/meineprogramme/hwcodesign/avrstudio51/extensions/atmel/avrgcc/3.3.1.27/avrtoolchain/bin/../lib/gcc/avr/4.5.1/../../../../avr/lib/avr25\libc.a(eewr_block_attiny84.o)
                              accu.o (__eewr_block_tn84)
c:/meineprogramme/hwcodesign/avrstudio51/extensions/atmel/avrgcc/3.3.1.27/avrtoolchain/bin/../lib/gcc/avr/4.5.1/../../../../avr/lib/avr25\libc.a(eewr_byte_attiny84.o)
                              calib.o (__eewr_byte_tn84)
c:/meineprogramme/hwcodesign/avrstudio51/extensions/atmel/avrgcc/3.3.1.27/avrtoolchain/bin/../lib/gcc/avr/4.5.1/../../../../avr/lib/avr25\libc.a(eewr_word_attiny84.o)
                              calib.o (__eewr_word_tn84)

Allocating common symbols
Common symbol       size              file

accuVoltageLevels   0x10              accu.o
pwmOutput           0x4               adc.o
time                0x8               button_sv3.o
currentADCValue     0x2               accu.o

Memory Configuration

Name             Origin             Length             Attributes
text             0x00000000         0x00002000         xr
data             0x00800060         0x0000ffa0         rw !x
eeprom           0x00810000         0x00010000         rw !x
fuse             0x00820000         0x00000400         rw !x
lock             0x00830000         0x00000400         rw !x
signature        0x00840000         0x00000400         rw !x
*default*        0x00000000         0xffffffff

Linker script and memory map

LOAD c:/meineprogramme/hwcodesign/avrstudio51/extensions/atmel/avrgcc/3.3.1.27/avrtoolchain/bin/../lib/gcc/avr/4.5.1/../../../../avr/lib/avr25/crttn84.o
LOAD accu.o
LOAD adc.o
LOAD button_sv3.o
LOAD calib.o
LOAD controller.o
LOAD controller_debug.o
LOAD eeprom.o
LOAD pwm.o
LOAD pwm_table.o
LOAD rgbled.o
LOAD states_sv3.o
LOAD tbl_transitions.o
LOAD timer.o
LOAD uart.o
LOAD c:/meineprogramme/hwcodesign/avrstudio51/extensions/atmel/avrgcc/3.3.1.27/avrtoolchain/bin/../lib/gcc/avr/4.5.1/../../../../avr/lib/avr25\libm.a
LOAD c:/meineprogramme/hwcodesign/avrstudio51/extensions/atmel/avrgcc/3.3.1.27/avrtoolchain/bin/../lib/gcc/avr/4.5.1/avr25\libgcc.a
LOAD c:/meineprogramme/hwcodesign/avrstudio51/extensions/atmel/avrgcc/3.3.1.27/avrtoolchain/bin/../lib/gcc/avr/4.5.1/../../../../avr/lib/avr25\libc.a
LOAD c:/meineprogramme/hwcodesign/avrstudio51/extensions/atmel/avrgcc/3.3.1.27/avrtoolchain/bin/../lib/gcc/avr/4.5.1/avr25\libgcc.a

.hash
 *(.hash)

.dynsym
 *(.dynsym)

.dynstr
 *(.dynstr)

.gnu.version
 *(.gnu.version)

.gnu.version_d
 *(.gnu.version_d)

.gnu.version_r
 *(.gnu.version_r)

.rel.init
 *(.rel.init)

.rela.init
 *(.rela.init)

.rel.text
 *(.rel.text)
 *(.rel.text.*)
 *(.rel.gnu.linkonce.t*)

.rela.text
 *(.rela.text)
 *(.rela.text.*)
 *(.rela.gnu.linkonce.t*)

.rel.fini
 *(.rel.fini)

.rela.fini
 *(.rela.fini)

.rel.rodata
 *(.rel.rodata)
 *(.rel.rodata.*)
 *(.rel.gnu.linkonce.r*)

.rela.rodata
 *(.rela.rodata)
 *(.rela.rodata.*)
 *(.rela.gnu.linkonce.r*)

.rel.data
 *(.rel.data)
 *(.rel.data.*)
 *(.rel.gnu.linkonce.d*)

.rela.data
 *(.rela.data)
 *(.rela.data.*)
 *(.rela.gnu.linkonce.d*)

.rel.ctors
 *(.rel.ctors)

.rela.ctors
 *(.rela.ctors)

.rel.dtors
 *(.rel.dtors)

.rela.dtors
 *(.rela.dtors)

.rel.got
 *(.rel.got)

.rela.got
 *(.rela.got)

.rel.bss
 *(.rel.bss)

.rela.bss
 *(.rela.bss)

.rel.plt
 *(.rel.plt)

.rela.plt
 *(.rela.plt)

.text           0x00000000      0xf7a
 *(.vectors)
 .vectors       0x00000000       0x22 c:/meineprogramme/hwcodesign/avrstudio51/extensions/atmel/avrgcc/3.3.1.27/avrtoolchain/bin/../lib/gcc/avr/4.5.1/../../../../avr/lib/avr25/crttn84.o
                0x00000000                __vector_default
                0x00000000                __vectors
 *(.vectors)
 *(.progmem.gcc*)
 *(.progmem*)
                0x00000022                . = ALIGN (0x2)
                0x00000022                __trampolines_start = .
 *(.trampolines)
 .trampolines   0x00000022        0x0 linker stubs
 *(.trampolines*)
                0x00000022                __trampolines_end = .
 *(.jumptables)
 *(.jumptables*)
 *(.lowtext)
 *(.lowtext*)
                0x00000022                __ctors_start = .
 *(.ctors)
                0x00000022                __ctors_end = .
                0x00000022                __dtors_start = .
 *(.dtors)
                0x00000022                __dtors_end = .
 SORT(*)(.ctors)
 SORT(*)(.dtors)
 *(.init0)
 .init0         0x00000022        0x0 c:/meineprogramme/hwcodesign/avrstudio51/extensions/atmel/avrgcc/3.3.1.27/avrtoolchain/bin/../lib/gcc/avr/4.5.1/../../../../avr/lib/avr25/crttn84.o
                0x00000022                __init
 *(.init0)
 *(.init1)
 *(.init1)
 *(.init2)
 .init2         0x00000022        0xc c:/meineprogramme/hwcodesign/avrstudio51/extensions/atmel/avrgcc/3.3.1.27/avrtoolchain/bin/../lib/gcc/avr/4.5.1/../../../../avr/lib/avr25/crttn84.o
 *(.init2)
 *(.init3)
 *(.init3)
 *(.init4)
 .init4         0x0000002e       0x16 c:/meineprogramme/hwcodesign/avrstudio51/extensions/atmel/avrgcc/3.3.1.27/avrtoolchain/bin/../lib/gcc/avr/4.5.1/avr25\libgcc.a(_copy_data.o)
                0x0000002e                __do_copy_data
 .init4         0x00000044       0x10 c:/meineprogramme/hwcodesign/avrstudio51/extensions/atmel/avrgcc/3.3.1.27/avrtoolchain/bin/../lib/gcc/avr/4.5.1/avr25\libgcc.a(_clear_bss.o)
                0x00000044                __do_clear_bss
 *(.init4)
 *(.init5)
 *(.init5)
 *(.init6)
 *(.init6)
 *(.init7)
 *(.init7)
 *(.init8)
 *(.init8)
 *(.init9)
 .init9         0x00000054        0x4 c:/meineprogramme/hwcodesign/avrstudio51/extensions/atmel/avrgcc/3.3.1.27/avrtoolchain/bin/../lib/gcc/avr/4.5.1/../../../../avr/lib/avr25/crttn84.o
 *(.init9)
 *(.text)
 .text          0x00000058        0x2 c:/meineprogramme/hwcodesign/avrstudio51/extensions/atmel/avrgcc/3.3.1.27/avrtoolchain/bin/../lib/gcc/avr/4.5.1/../../../../avr/lib/avr25/crttn84.o
                0x00000058                __vector_1
                0x00000058                __vector_12
                0x00000058                __bad_interrupt
                0x00000058                __vector_6
                0x00000058                __vector_3
                0x00000058                __vector_13
                0x00000058                __vector_7
                0x00000058                __vector_5
                0x00000058                __vector_4
                0x00000058                __vector_9
                0x00000058                __vector_15
                0x00000058                __vector_8
                0x00000058                __vector_14
                0x00000058                __vector_10
                0x00000058                __vector_16
 .text          0x0000005a       0xbe accu.o
                0x0000005a                accuInitialize
                0x00000060                accuLoadVoltageLevelsFromEEPROM
                0x00000070                accuStoreVoltageLevelsToEEPROM
                0x00000080                accuGetVoltageLevelIndex
                0x000000a0                accuRefreshDisplay
                0x000000ba                accuSetDefaultVoltageLevels
 .text          0x00000118       0xde adc.o
                0x00000118                adcInitialize
                0x0000016e                adcTakeSingleMeasurement
                0x00000176                adcReadValue
 .text          0x000001f6       0xb2 button_sv3.o
                0x000001f6                btnInitialize
                0x0000020a                btnRefreshState
 .text          0x000002a8       0xd2 calib.o
                0x000002a8                calibResetFlag
                0x000002b2                calibStart
                0x000002e0                calibAddAdcValue
                0x0000032c                calibFinalize
                0x0000036c                calibInitialize
 .text          0x0000037a       0x9e controller.o
                0x0000037a                doSleep
                0x000003a2                __vector_2
                0x000003c0                initialize
                0x000003d2                main
 .text          0x00000418        0x0 controller_debug.o
 .text          0x00000418       0x30 eeprom.o
                0x00000418                eepromIsProgrammed
                0x0000042a                eepromLoadData
                0x00000430                eepromStoreData
                0x00000436                eepromSetActiveFlag
                0x00000440                eepromGetActiveFlag
 .text          0x00000448      0x196 pwm.o
                0x00000448                pwmCheckPwm2Enabled
                0x00000486                pwmInitialize
                0x0000049e                pwmEnable
                0x000004d6                pwmDisable
                0x000004e4                pwmRefreshSingleOutput
                0x000004f8                pwmGetRegulateOutputValue
                0x00000538                pwmRefreshOutputs
 .text          0x000005de      0x11a pwm_table.o
                0x000005de                pwmTableLoadFromEEPROM
                0x000005f8                pwmTableStoreToEEPROM
                0x00000612                pwmLoadDefaults
                0x0000065a                pwmTableSaveCurrentValuesForPWM1
                0x0000068a                pwmTableSaveCurrentValuesForPWM2
                0x000006b4                pwmTableSetOutPut
 .text          0x000006f8      0x194 rgbled.o
                0x000006f8                rgbInitialize
                0x0000071c                rgbRefreshOutputs
                0x0000080c                leds_off
                0x00000814                led1_red
                0x0000081a                led2_red
                0x00000820                led1_lightred
                0x00000826                led2_lightred
                0x0000082c                led1_green
                0x00000832                led2_green
                0x00000838                led1_lightgreen
                0x0000083e                led2_lightgreen
                0x00000844                led1_blue
                0x0000084a                led2_blue
                0x00000850                led1_lightblue
                0x00000856                led2_lightblue
                0x0000085c                led1_yellow
                0x00000862                led2_yellow
                0x00000868                led1_lightyellow
                0x0000086e                led2_lightyellow
                0x00000874                led1_rose
                0x0000087a                led2_rose
                0x00000880                led1_white
                0x00000886                led2_white
 .text          0x0000088c      0x4de states_sv3.o
                0x0000088c                stateInitialize
                0x00000892                stateNextState
 .text          0x00000d6a       0x58 tbl_transitions.o
                0x00000d6a                transTableGetNextDimLevel
 .text          0x00000dc2       0xfa timer.o
                0x00000dc2                timerInitialize
                0x00000dfa                __vector_11
 .text          0x00000ebc        0x0 uart.o
 .text          0x00000ebc        0x0 c:/meineprogramme/hwcodesign/avrstudio51/extensions/atmel/avrgcc/3.3.1.27/avrtoolchain/bin/../lib/gcc/avr/4.5.1/avr25\libgcc.a(_mulhi3.o)
 .text          0x00000ebc        0x0 c:/meineprogramme/hwcodesign/avrstudio51/extensions/atmel/avrgcc/3.3.1.27/avrtoolchain/bin/../lib/gcc/avr/4.5.1/avr25\libgcc.a(_udivmodhi4.o)
 .text          0x00000ebc        0x0 c:/meineprogramme/hwcodesign/avrstudio51/extensions/atmel/avrgcc/3.3.1.27/avrtoolchain/bin/../lib/gcc/avr/4.5.1/avr25\libgcc.a(_exit.o)
 .text          0x00000ebc        0x0 c:/meineprogramme/hwcodesign/avrstudio51/extensions/atmel/avrgcc/3.3.1.27/avrtoolchain/bin/../lib/gcc/avr/4.5.1/avr25\libgcc.a(_copy_data.o)
 .text          0x00000ebc        0x0 c:/meineprogramme/hwcodesign/avrstudio51/extensions/atmel/avrgcc/3.3.1.27/avrtoolchain/bin/../lib/gcc/avr/4.5.1/avr25\libgcc.a(_clear_bss.o)
 .text          0x00000ebc        0x0 c:/meineprogramme/hwcodesign/avrstudio51/extensions/atmel/avrgcc/3.3.1.27/avrtoolchain/bin/../lib/gcc/avr/4.5.1/../../../../avr/lib/avr25\libc.a(eerd_block_attiny84.o)
 .text          0x00000ebc        0x0 c:/meineprogramme/hwcodesign/avrstudio51/extensions/atmel/avrgcc/3.3.1.27/avrtoolchain/bin/../lib/gcc/avr/4.5.1/../../../../avr/lib/avr25\libc.a(eerd_byte_attiny84.o)
 .text          0x00000ebc        0x0 c:/meineprogramme/hwcodesign/avrstudio51/extensions/atmel/avrgcc/3.3.1.27/avrtoolchain/bin/../lib/gcc/avr/4.5.1/../../../../avr/lib/avr25\libc.a(eerd_word_attiny84.o)
 .text          0x00000ebc        0x0 c:/meineprogramme/hwcodesign/avrstudio51/extensions/atmel/avrgcc/3.3.1.27/avrtoolchain/bin/../lib/gcc/avr/4.5.1/../../../../avr/lib/avr25\libc.a(eewr_block_attiny84.o)
 .text          0x00000ebc        0x0 c:/meineprogramme/hwcodesign/avrstudio51/extensions/atmel/avrgcc/3.3.1.27/avrtoolchain/bin/../lib/gcc/avr/4.5.1/../../../../avr/lib/avr25\libc.a(eewr_byte_attiny84.o)
 .text          0x00000ebc        0x0 c:/meineprogramme/hwcodesign/avrstudio51/extensions/atmel/avrgcc/3.3.1.27/avrtoolchain/bin/../lib/gcc/avr/4.5.1/../../../../avr/lib/avr25\libc.a(eewr_word_attiny84.o)
                0x00000ebc                . = ALIGN (0x2)
 *(.text.*)
 .text.libgcc   0x00000ebc       0x24 c:/meineprogramme/hwcodesign/avrstudio51/extensions/atmel/avrgcc/3.3.1.27/avrtoolchain/bin/../lib/gcc/avr/4.5.1/avr25\libgcc.a(_mulhi3.o)
                0x00000ebc                __mulhi3
 .text.libgcc   0x00000ee0       0x28 c:/meineprogramme/hwcodesign/avrstudio51/extensions/atmel/avrgcc/3.3.1.27/avrtoolchain/bin/../lib/gcc/avr/4.5.1/avr25\libgcc.a(_udivmodhi4.o)
                0x00000ee0                __udivmodhi4
 .text.libgcc   0x00000f08        0x0 c:/meineprogramme/hwcodesign/avrstudio51/extensions/atmel/avrgcc/3.3.1.27/avrtoolchain/bin/../lib/gcc/avr/4.5.1/avr25\libgcc.a(_exit.o)
 .text.libgcc   0x00000f08        0x0 c:/meineprogramme/hwcodesign/avrstudio51/extensions/atmel/avrgcc/3.3.1.27/avrtoolchain/bin/../lib/gcc/avr/4.5.1/avr25\libgcc.a(_copy_data.o)
 .text.libgcc   0x00000f08        0x0 c:/meineprogramme/hwcodesign/avrstudio51/extensions/atmel/avrgcc/3.3.1.27/avrtoolchain/bin/../lib/gcc/avr/4.5.1/avr25\libgcc.a(_clear_bss.o)
 .text.avr-libc
                0x00000f08       0x20 c:/meineprogramme/hwcodesign/avrstudio51/extensions/atmel/avrgcc/3.3.1.27/avrtoolchain/bin/../lib/gcc/avr/4.5.1/../../../../avr/lib/avr25\libc.a(eerd_block_attiny84.o)
                0x00000f08                __eerd_block_tn84
                0x00000f0c                __eerd_blraw_tn84
 .text.avr-libc
                0x00000f28       0x10 c:/meineprogramme/hwcodesign/avrstudio51/extensions/atmel/avrgcc/3.3.1.27/avrtoolchain/bin/../lib/gcc/avr/4.5.1/../../../../avr/lib/avr25\libc.a(eerd_byte_attiny84.o)
                0x00000f28                __eerd_byte_tn84
 .text.avr-libc
                0x00000f38        0xa c:/meineprogramme/hwcodesign/avrstudio51/extensions/atmel/avrgcc/3.3.1.27/avrtoolchain/bin/../lib/gcc/avr/4.5.1/../../../../avr/lib/avr25\libc.a(eerd_word_attiny84.o)
                0x00000f38                __eerd_word_tn84
 .text.avr-libc
                0x00000f42       0x12 c:/meineprogramme/hwcodesign/avrstudio51/extensions/atmel/avrgcc/3.3.1.27/avrtoolchain/bin/../lib/gcc/avr/4.5.1/../../../../avr/lib/avr25\libc.a(eewr_block_attiny84.o)
                0x00000f42                __eewr_block_tn84
 .text.avr-libc
                0x00000f54       0x1c c:/meineprogramme/hwcodesign/avrstudio51/extensions/atmel/avrgcc/3.3.1.27/avrtoolchain/bin/../lib/gcc/avr/4.5.1/../../../../avr/lib/avr25\libc.a(eewr_byte_attiny84.o)
                0x00000f54                __eewr_byte_tn84
                0x00000f56                __eewr_r18_tn84
 .text.avr-libc
                0x00000f70        0x6 c:/meineprogramme/hwcodesign/avrstudio51/extensions/atmel/avrgcc/3.3.1.27/avrtoolchain/bin/../lib/gcc/avr/4.5.1/../../../../avr/lib/avr25\libc.a(eewr_word_attiny84.o)
                0x00000f70                __eewr_word_tn84
                0x00000f76                . = ALIGN (0x2)
 *(.fini9)
 .fini9         0x00000f76        0x0 c:/meineprogramme/hwcodesign/avrstudio51/extensions/atmel/avrgcc/3.3.1.27/avrtoolchain/bin/../lib/gcc/avr/4.5.1/avr25\libgcc.a(_exit.o)
                0x00000f76                _exit
                0x00000f76                exit
 *(.fini9)
 *(.fini8)
 *(.fini8)
 *(.fini7)
 *(.fini7)
 *(.fini6)
 *(.fini6)
 *(.fini5)
 *(.fini5)
 *(.fini4)
 *(.fini4)
 *(.fini3)
 *(.fini3)
 *(.fini2)
 *(.fini2)
 *(.fini1)
 *(.fini1)
 *(.fini0)
 .fini0         0x00000f76        0x4 c:/meineprogramme/hwcodesign/avrstudio51/extensions/atmel/avrgcc/3.3.1.27/avrtoolchain/bin/../lib/gcc/avr/4.5.1/avr25\libgcc.a(_exit.o)
 *(.fini0)
                0x00000f7a                _etext = .

.data           0x00800060       0x7a load address 0x00000f7a
                0x00800060                PROVIDE (__data_start, .)
 *(.data)
 .data          0x00800060        0x0 c:/meineprogramme/hwcodesign/avrstudio51/extensions/atmel/avrgcc/3.3.1.27/avrtoolchain/bin/../lib/gcc/avr/4.5.1/../../../../avr/lib/avr25/crttn84.o
 .data          0x00800060        0x0 accu.o
 .data          0x00800060       0x10 adc.o
                0x00800060                lastValues
 .data          0x00800070        0x1 button_sv3.o
                0x00800070                btnState
 .data          0x00800071        0x0 calib.o
 .data          0x00800071        0x0 controller.o
 .data          0x00800071        0x0 controller_debug.o
 .data          0x00800071        0x0 eeprom.o
 .data          0x00800071        0x6 pwm.o
                0x00800071                pwm2Enabled
                0x00800072                pwmClockSelectIndex
                0x00800073                pwmClockSelectTable
 .data          0x00800077        0xe pwm_table.o
                0x00800077                pwmTable
 .data          0x00800085       0x24 rgbled.o
                0x00800085                colors
 .data          0x008000a9       0x20 states_sv3.o
                0x008000a9                stateWaitReturn
                0x008000aa                ledDimColors
                0x008000ae                ledProgColors1
                0x008000b9                ledProgColors2
                0x008000c4                ledPWMModeColors
 .data          0x008000c9       0x10 tbl_transitions.o
 .data          0x008000d9        0x0 timer.o
 .data          0x008000d9        0x0 uart.o
 .data          0x008000d9        0x0 c:/meineprogramme/hwcodesign/avrstudio51/extensions/atmel/avrgcc/3.3.1.27/avrtoolchain/bin/../lib/gcc/avr/4.5.1/avr25\libgcc.a(_mulhi3.o)
 .data          0x008000d9        0x0 c:/meineprogramme/hwcodesign/avrstudio51/extensions/atmel/avrgcc/3.3.1.27/avrtoolchain/bin/../lib/gcc/avr/4.5.1/avr25\libgcc.a(_udivmodhi4.o)
 .data          0x008000d9        0x0 c:/meineprogramme/hwcodesign/avrstudio51/extensions/atmel/avrgcc/3.3.1.27/avrtoolchain/bin/../lib/gcc/avr/4.5.1/avr25\libgcc.a(_exit.o)
 .data          0x008000d9        0x0 c:/meineprogramme/hwcodesign/avrstudio51/extensions/atmel/avrgcc/3.3.1.27/avrtoolchain/bin/../lib/gcc/avr/4.5.1/avr25\libgcc.a(_copy_data.o)
 .data          0x008000d9        0x0 c:/meineprogramme/hwcodesign/avrstudio51/extensions/atmel/avrgcc/3.3.1.27/avrtoolchain/bin/../lib/gcc/avr/4.5.1/avr25\libgcc.a(_clear_bss.o)
 .data          0x008000d9        0x0 c:/meineprogramme/hwcodesign/avrstudio51/extensions/atmel/avrgcc/3.3.1.27/avrtoolchain/bin/../lib/gcc/avr/4.5.1/../../../../avr/lib/avr25\libc.a(eerd_block_attiny84.o)
 .data          0x008000d9        0x0 c:/meineprogramme/hwcodesign/avrstudio51/extensions/atmel/avrgcc/3.3.1.27/avrtoolchain/bin/../lib/gcc/avr/4.5.1/../../../../avr/lib/avr25\libc.a(eerd_byte_attiny84.o)
 .data          0x008000d9        0x0 c:/meineprogramme/hwcodesign/avrstudio51/extensions/atmel/avrgcc/3.3.1.27/avrtoolchain/bin/../lib/gcc/avr/4.5.1/../../../../avr/lib/avr25\libc.a(eerd_word_attiny84.o)
 .data          0x008000d9        0x0 c:/meineprogramme/hwcodesign/avrstudio51/extensions/atmel/avrgcc/3.3.1.27/avrtoolchain/bin/../lib/gcc/avr/4.5.1/../../../../avr/lib/avr25\libc.a(eewr_block_attiny84.o)
 .data          0x008000d9        0x0 c:/meineprogramme/hwcodesign/avrstudio51/extensions/atmel/avrgcc/3.3.1.27/avrtoolchain/bin/../lib/gcc/avr/4.5.1/../../../../avr/lib/avr25\libc.a(eewr_byte_attiny84.o)
 .data          0x008000d9        0x0 c:/meineprogramme/hwcodesign/avrstudio51/extensions/atmel/avrgcc/3.3.1.27/avrtoolchain/bin/../lib/gcc/avr/4.5.1/../../../../avr/lib/avr25\libc.a(eewr_word_attiny84.o)
 *(.data*)
 *(.rodata)
 *(.rodata*)
 *(.gnu.linkonce.d*)
                0x008000da                . = ALIGN (0x2)
 *fill*         0x008000d9        0x1 00
                0x008000da                _edata = .
                0x008000da                PROVIDE (__data_end, .)

.bss            0x008000da       0x27
                0x008000da                PROVIDE (__bss_start, .)
 *(.bss)
 .bss           0x008000da        0x0 c:/meineprogramme/hwcodesign/avrstudio51/extensions/atmel/avrgcc/3.3.1.27/avrtoolchain/bin/../lib/gcc/avr/4.5.1/../../../../avr/lib/avr25/crttn84.o
 .bss           0x008000da        0x1 accu.o
                0x008000da                accuDisplayEnabled
 .bss           0x008000db        0x1 adc.o
                0x008000db                currentIndex
 .bss           0x008000dc        0x2 button_sv3.o
                0x008000dc                btnCode
 .bss           0x008000de        0x0 calib.o
 .bss           0x008000de        0x0 controller.o
 .bss           0x008000de        0x0 controller_debug.o
 .bss           0x008000de        0x0 eeprom.o
 .bss           0x008000de        0x0 pwm.o
 .bss           0x008000de        0x0 pwm_table.o
 .bss           0x008000de        0x0 rgbled.o
 .bss           0x008000de        0x4 states_sv3.o
                0x008000de                dimLevel
                0x008000df                progSelect
                0x008000e0                progOutputIndex
                0x008000e1                progOutputDimLevel
 .bss           0x008000e2        0x0 tbl_transitions.o
 .bss           0x008000e2        0x1 timer.o
                0x008000e2                timerFlags
 .bss           0x008000e3        0x0 uart.o
 .bss           0x008000e3        0x0 c:/meineprogramme/hwcodesign/avrstudio51/extensions/atmel/avrgcc/3.3.1.27/avrtoolchain/bin/../lib/gcc/avr/4.5.1/avr25\libgcc.a(_mulhi3.o)
 .bss           0x008000e3        0x0 c:/meineprogramme/hwcodesign/avrstudio51/extensions/atmel/avrgcc/3.3.1.27/avrtoolchain/bin/../lib/gcc/avr/4.5.1/avr25\libgcc.a(_udivmodhi4.o)
 .bss           0x008000e3        0x0 c:/meineprogramme/hwcodesign/avrstudio51/extensions/atmel/avrgcc/3.3.1.27/avrtoolchain/bin/../lib/gcc/avr/4.5.1/avr25\libgcc.a(_exit.o)
 .bss           0x008000e3        0x0 c:/meineprogramme/hwcodesign/avrstudio51/extensions/atmel/avrgcc/3.3.1.27/avrtoolchain/bin/../lib/gcc/avr/4.5.1/avr25\libgcc.a(_copy_data.o)
 .bss           0x008000e3        0x0 c:/meineprogramme/hwcodesign/avrstudio51/extensions/atmel/avrgcc/3.3.1.27/avrtoolchain/bin/../lib/gcc/avr/4.5.1/avr25\libgcc.a(_clear_bss.o)
 .bss           0x008000e3        0x0 c:/meineprogramme/hwcodesign/avrstudio51/extensions/atmel/avrgcc/3.3.1.27/avrtoolchain/bin/../lib/gcc/avr/4.5.1/../../../../avr/lib/avr25\libc.a(eerd_block_attiny84.o)
 .bss           0x008000e3        0x0 c:/meineprogramme/hwcodesign/avrstudio51/extensions/atmel/avrgcc/3.3.1.27/avrtoolchain/bin/../lib/gcc/avr/4.5.1/../../../../avr/lib/avr25\libc.a(eerd_byte_attiny84.o)
 .bss           0x008000e3        0x0 c:/meineprogramme/hwcodesign/avrstudio51/extensions/atmel/avrgcc/3.3.1.27/avrtoolchain/bin/../lib/gcc/avr/4.5.1/../../../../avr/lib/avr25\libc.a(eerd_word_attiny84.o)
 .bss           0x008000e3        0x0 c:/meineprogramme/hwcodesign/avrstudio51/extensions/atmel/avrgcc/3.3.1.27/avrtoolchain/bin/../lib/gcc/avr/4.5.1/../../../../avr/lib/avr25\libc.a(eewr_block_attiny84.o)
 .bss           0x008000e3        0x0 c:/meineprogramme/hwcodesign/avrstudio51/extensions/atmel/avrgcc/3.3.1.27/avrtoolchain/bin/../lib/gcc/avr/4.5.1/../../../../avr/lib/avr25\libc.a(eewr_byte_attiny84.o)
 .bss           0x008000e3        0x0 c:/meineprogramme/hwcodesign/avrstudio51/extensions/atmel/avrgcc/3.3.1.27/avrtoolchain/bin/../lib/gcc/avr/4.5.1/../../../../avr/lib/avr25\libc.a(eewr_word_attiny84.o)
 *(.bss*)
 *(COMMON)
 COMMON         0x008000e3       0x12 accu.o
                0x008000e3                accuVoltageLevels
                0x008000f3                currentADCValue
 COMMON         0x008000f5        0x4 adc.o
                0x008000f5                pwmOutput
 COMMON         0x008000f9        0x8 button_sv3.o
                0x008000f9                time
 COMMON         0x00800101        0x0 controller.o
 COMMON         0x00800101        0x0 eeprom.o
                0x00800101                PROVIDE (__bss_end, .)
                0x00000f7a                __data_load_start = LOADADDR (.data)
                0x00000ff4                __data_load_end = (__data_load_start + SIZEOF (.data))

.noinit         0x00800101        0x0
                0x00800101                PROVIDE (__noinit_start, .)
 *(.noinit*)
                0x00800101                PROVIDE (__noinit_end, .)
                0x00800101                _end = .
                0x00800101                PROVIDE (__heap_start, .)

.eeprom         0x00810000       0xff
 *(.eeprom*)
 .eeprom        0x00810000       0x10 accu.o
                0x00810000                eeAccuVoltageLevels
 .eeprom        0x00810010       0xdd calib.o
                0x00810010                eeCalibAdcValues
                0x008100ec                eeCalibFlag
 .eeprom        0x008100ed        0x3 eeprom.o
                0x008100ed                eeFooByte
                0x008100ee                eeActiveFlag
                0x008100ef                eeDoNotUse
 .eeprom        0x008100f0        0x1 pwm.o
                0x008100f0                eePWMClockSelectIndex
 .eeprom        0x008100f1        0xe pwm_table.o
                0x008100f1                eePwmTable
                0x008100ff                __eeprom_end = .

.fuse
 *(.fuse)
 *(.lfuse)
 *(.hfuse)
 *(.efuse)

.lock
 *(.lock*)

.signature
 *(.signature*)

.stab           0x00000000      0xaa4
 *(.stab)
 .stab          0x00000000      0x6cc c:/meineprogramme/hwcodesign/avrstudio51/extensions/atmel/avrgcc/3.3.1.27/avrtoolchain/bin/../lib/gcc/avr/4.5.1/../../../../avr/lib/avr25/crttn84.o
 .stab          0x000006cc      0x108 c:/meineprogramme/hwcodesign/avrstudio51/extensions/atmel/avrgcc/3.3.1.27/avrtoolchain/bin/../lib/gcc/avr/4.5.1/../../../../avr/lib/avr25\libc.a(eerd_block_attiny84.o)
                                0x114 (size before relaxing)
 .stab          0x000007d4       0x90 c:/meineprogramme/hwcodesign/avrstudio51/extensions/atmel/avrgcc/3.3.1.27/avrtoolchain/bin/../lib/gcc/avr/4.5.1/../../../../avr/lib/avr25\libc.a(eerd_byte_attiny84.o)
                                 0x9c (size before relaxing)
 .stab          0x00000864       0x6c c:/meineprogramme/hwcodesign/avrstudio51/extensions/atmel/avrgcc/3.3.1.27/avrtoolchain/bin/../lib/gcc/avr/4.5.1/../../../../avr/lib/avr25\libc.a(eerd_word_attiny84.o)
                                 0x78 (size before relaxing)
 .stab          0x000008d0       0x9c c:/meineprogramme/hwcodesign/avrstudio51/extensions/atmel/avrgcc/3.3.1.27/avrtoolchain/bin/../lib/gcc/avr/4.5.1/../../../../avr/lib/avr25\libc.a(eewr_block_attiny84.o)
                                 0xa8 (size before relaxing)
 .stab          0x0000096c       0xe4 c:/meineprogramme/hwcodesign/avrstudio51/extensions/atmel/avrgcc/3.3.1.27/avrtoolchain/bin/../lib/gcc/avr/4.5.1/../../../../avr/lib/avr25\libc.a(eewr_byte_attiny84.o)
                                 0xf0 (size before relaxing)
 .stab          0x00000a50       0x54 c:/meineprogramme/hwcodesign/avrstudio51/extensions/atmel/avrgcc/3.3.1.27/avrtoolchain/bin/../lib/gcc/avr/4.5.1/../../../../avr/lib/avr25\libc.a(eewr_word_attiny84.o)
                                 0x60 (size before relaxing)

.stabstr        0x00000000      0x326
 *(.stabstr)
 .stabstr       0x00000000      0x326 c:/meineprogramme/hwcodesign/avrstudio51/extensions/atmel/avrgcc/3.3.1.27/avrtoolchain/bin/../lib/gcc/avr/4.5.1/../../../../avr/lib/avr25/crttn84.o

.stab.excl
 *(.stab.excl)

.stab.exclstr
 *(.stab.exclstr)

.stab.index
 *(.stab.index)

.stab.indexstr
 *(.stab.indexstr)

.comment
 *(.comment)

.debug
 *(.debug)

.line
 *(.line)

.debug_srcinfo
 *(.debug_srcinfo)

.debug_sfnames
 *(.debug_sfnames)

.debug_aranges
 *(.debug_aranges)

.debug_pubnames
 *(.debug_pubnames)

.debug_info
 *(.debug_info)
 *(.gnu.linkonce.wi.*)

.debug_abbrev
 *(.debug_abbrev)

.debug_line
 *(.debug_line)

.debug_frame
 *(.debug_frame)

.debug_str
 *(.debug_str)

.debug_loc
 *(.debug_loc)

.debug_macinfo
 *(.debug_macinfo)
OUTPUT(v3_Single_T84.elf elf32-avr)
LOAD linker stubs
